Component: ARM Compiler 5.06 update 7 (build 960) Tool: armlink [4d3601]

==============================================================================

Section Cross References

    startup_stm32f407xx.o(RESET) refers to startup_stm32f407xx.o(STACK) for __initial_sp
    startup_stm32f407xx.o(RESET) refers to startup_stm32f407xx.o(.text) for Reset_Handler
    startup_stm32f407xx.o(RESET) refers to stm32f4xx_it.o(i.NMI_Handler) for NMI_Handler
    startup_stm32f407xx.o(RESET) refers to stm32f4xx_it.o(i.HardFault_Handler) for HardFault_Handler
    startup_stm32f407xx.o(RESET) refers to stm32f4xx_it.o(i.MemManage_Handler) for MemManage_Handler
    startup_stm32f407xx.o(RESET) refers to stm32f4xx_it.o(i.BusFault_Handler) for BusFault_Handler
    startup_stm32f407xx.o(RESET) refers to stm32f4xx_it.o(i.UsageFault_Handler) for UsageFault_Handler
    startup_stm32f407xx.o(RESET) refers to stm32f4xx_it.o(i.SVC_Handler) for SVC_Handler
    startup_stm32f407xx.o(RESET) refers to stm32f4xx_it.o(i.DebugMon_Handler) for DebugMon_Handler
    startup_stm32f407xx.o(RESET) refers to stm32f4xx_it.o(i.PendSV_Handler) for PendSV_Handler
    startup_stm32f407xx.o(RESET) refers to stm32f4xx_it.o(i.SysTick_Handler) for SysTick_Handler
    startup_stm32f407xx.o(RESET) refers to stm32f4xx_it.o(i.DMA1_Stream4_IRQHandler) for DMA1_Stream4_IRQHandler
    startup_stm32f407xx.o(RESET) refers to stm32f4xx_it.o(i.TIM3_IRQHandler) for TIM3_IRQHandler
    startup_stm32f407xx.o(RESET) refers to stm32f4xx_it.o(i.SPI2_IRQHandler) for SPI2_IRQHandler
    startup_stm32f407xx.o(RESET) refers to bsp_uart_fifo.o(i.USART3_IRQHandler) for USART3_IRQHandler
    startup_stm32f407xx.o(RESET) refers to stm32f4xx_it.o(i.SDIO_IRQHandler) for SDIO_IRQHandler
    startup_stm32f407xx.o(RESET) refers to stm32f4xx_it.o(i.DMA2_Stream3_IRQHandler) for DMA2_Stream3_IRQHandler
    startup_stm32f407xx.o(RESET) refers to stm32f4xx_it.o(i.OTG_FS_IRQHandler) for OTG_FS_IRQHandler
    startup_stm32f407xx.o(RESET) refers to stm32f4xx_it.o(i.DMA2_Stream6_IRQHandler) for DMA2_Stream6_IRQHandler
    startup_stm32f407xx.o(.text) refers to system_stm32f4xx.o(i.SystemInit) for SystemInit
    startup_stm32f407xx.o(.text) refers to entry.o(.ARM.Collect$$$$00000000) for __main
    w25qxx.o(i.SPIF_CsPin) refers to stm32f4xx_hal_gpio.o(i.HAL_GPIO_WritePin) for HAL_GPIO_WritePin
    w25qxx.o(i.SPIF_Delay) refers to stm32f4xx_hal.o(i.HAL_Delay) for HAL_Delay
    w25qxx.o(i.SPIF_EraseBlock) refers to w25qxx.o(i.SPIF_Lock) for SPIF_Lock
    w25qxx.o(i.SPIF_EraseBlock) refers to w25qxx.o(i.SPIF_WriteEnable) for SPIF_WriteEnable
    w25qxx.o(i.SPIF_EraseBlock) refers to w25qxx.o(i.SPIF_CsPin) for SPIF_CsPin
    w25qxx.o(i.SPIF_EraseBlock) refers to w25qxx.o(i.SPIF_Transmit) for SPIF_Transmit
    w25qxx.o(i.SPIF_EraseBlock) refers to w25qxx.o(i.SPIF_WaitForWriting) for SPIF_WaitForWriting
    w25qxx.o(i.SPIF_EraseBlock) refers to w25qxx.o(i.SPIF_WriteDisable) for SPIF_WriteDisable
    w25qxx.o(i.SPIF_EraseChip) refers to w25qxx.o(i.SPIF_Lock) for SPIF_Lock
    w25qxx.o(i.SPIF_EraseChip) refers to w25qxx.o(i.SPIF_WriteEnable) for SPIF_WriteEnable
    w25qxx.o(i.SPIF_EraseChip) refers to w25qxx.o(i.SPIF_CsPin) for SPIF_CsPin
    w25qxx.o(i.SPIF_EraseChip) refers to w25qxx.o(i.SPIF_Transmit) for SPIF_Transmit
    w25qxx.o(i.SPIF_EraseChip) refers to w25qxx.o(i.SPIF_WaitForWriting) for SPIF_WaitForWriting
    w25qxx.o(i.SPIF_EraseChip) refers to w25qxx.o(i.SPIF_WriteDisable) for SPIF_WriteDisable
    w25qxx.o(i.SPIF_EraseSector) refers to w25qxx.o(i.SPIF_Lock) for SPIF_Lock
    w25qxx.o(i.SPIF_EraseSector) refers to w25qxx.o(i.SPIF_WriteEnable) for SPIF_WriteEnable
    w25qxx.o(i.SPIF_EraseSector) refers to w25qxx.o(i.SPIF_CsPin) for SPIF_CsPin
    w25qxx.o(i.SPIF_EraseSector) refers to w25qxx.o(i.SPIF_Transmit) for SPIF_Transmit
    w25qxx.o(i.SPIF_EraseSector) refers to w25qxx.o(i.SPIF_WaitForWriting) for SPIF_WaitForWriting
    w25qxx.o(i.SPIF_EraseSector) refers to w25qxx.o(i.SPIF_WriteDisable) for SPIF_WriteDisable
    w25qxx.o(i.SPIF_FindChip) refers to w25qxx.o(i.SPIF_CsPin) for SPIF_CsPin
    w25qxx.o(i.SPIF_FindChip) refers to w25qxx.o(i.SPIF_TransmitReceive) for SPIF_TransmitReceive
    w25qxx.o(i.SPIF_Init) refers to memseta.o(.text) for __aeabi_memclr4
    w25qxx.o(i.SPIF_Init) refers to w25qxx.o(i.SPIF_CsPin) for SPIF_CsPin
    w25qxx.o(i.SPIF_Init) refers to stm32f4xx_hal.o(i.HAL_Delay) for HAL_Delay
    w25qxx.o(i.SPIF_Init) refers to stm32f4xx_hal.o(i.HAL_GetTick) for HAL_GetTick
    w25qxx.o(i.SPIF_Init) refers to w25qxx.o(i.SPIF_WriteDisable) for SPIF_WriteDisable
    w25qxx.o(i.SPIF_Init) refers to w25qxx.o(i.SPIF_FindChip) for SPIF_FindChip
    w25qxx.o(i.SPIF_Lock) refers to stm32f4xx_hal.o(i.HAL_Delay) for HAL_Delay
    w25qxx.o(i.SPIF_ReadAddress) refers to w25qxx.o(i.SPIF_Lock) for SPIF_Lock
    w25qxx.o(i.SPIF_ReadAddress) refers to w25qxx.o(i.SPIF_ReadFn) for SPIF_ReadFn
    w25qxx.o(i.SPIF_ReadBlock) refers to w25qxx.o(i.SPIF_Lock) for SPIF_Lock
[...]
    dir_find                                 0x08005189   Thumb Code   100  ff.o(i.dir_find)
    i.dir_next                               0x080051ec   Section        0  ff.o(i.dir_next)
    dir_next                                 0x080051ed   Thumb Code   238  ff.o(i.dir_next)
    i.dir_register                           0x080052da   Section        0  ff.o(i.dir_register)
    dir_register                             0x080052db   Thumb Code   118  ff.o(i.dir_register)
    i.dir_sdi                                0x08005350   Section        0  ff.o(i.dir_sdi)
    dir_sdi                                  0x08005351   Thumb Code   130  ff.o(i.dir_sdi)
    i.disk_initialize                        0x080053d4   Section        0  diskio.o(i.disk_initialize)
    i.disk_ioctl                             0x08005400   Section        0  diskio.o(i.disk_ioctl)
    i.disk_read                              0x0800541c   Section        0  diskio.o(i.disk_read)
    i.disk_status                            0x08005438   Section        0  diskio.o(i.disk_status)
    i.disk_write                             0x08005450   Section        0  diskio.o(i.disk_write)
    i.f_close                                0x0800546c   Section        0  ff.o(i.f_close)
    i.f_mount                                0x08005494   Section        0  ff.o(i.f_mount)
    i.f_open                                 0x080054ec   Section        0  ff.o(i.f_open)
    i.f_read                                 0x080056f0   Section        0  ff.o(i.f_read)
    i.f_sync                                 0x08005836   Section        0  ff.o(i.f_sync)
    i.find_volume                            0x080058c4   Section        0  ff.o(i.find_volume)
    find_volume                              0x080058c5   Thumb Code   576  ff.o(i.find_volume)
    i.follow_path                            0x08005b10   Section        0  ff.o(i.follow_path)
    follow_path                              0x08005b11   Thumb Code   116  ff.o(i.follow_path)
    i.fputc                                  0x08005b84   Section        0  bsp_uart_fifo.o(i.fputc)
    i.get_fat                                0x08005b94   Section        0  ff.o(i.get_fat)
    get_fat                                  0x08005b95   Thumb Code   190  ff.o(i.get_fat)
    i.get_fattime                            0x08005c52   Section        0  fatfs.o(i.get_fattime)
    i.get_ldnumber                           0x08005c56   Section        0  ff.o(i.get_ldnumber)
    get_ldnumber                             0x08005c57   Thumb Code    60  ff.o(i.get_ldnumber)
    i.get_sd_card_info                       0x08005c94   Section        0  sdio_sdcard.o(i.get_sd_card_info)
    i.inc_lock                               0x08005ca0   Section        0  ff.o(i.inc_lock)
    inc_lock                                 0x08005ca1   Thumb Code   122  ff.o(i.inc_lock)
    i.ld_clust                               0x08005d20   Section        0  ff.o(i.ld_clust)
    ld_clust                                 0x08005d21   Thumb Code    38  ff.o(i.ld_clust)
    i.ld_dword                               0x08005d46   Section        0  ff.o(i.ld_dword)
    ld_dword                                 0x08005d47   Thumb Code    22  ff.o(i.ld_dword)
    i.ld_word                                0x08005d5c   Section        0  ff.o(i.ld_word)
    ld_word                                  0x08005d5d   Thumb Code    10  ff.o(i.ld_word)
    i.main                                   0x08005d68   Section        0  main.o(i.main)
    i.mem_cpy                                0x08005e28   Section        0  ff.o(i.mem_cpy)
    mem_cpy                                  0x08005e29   Thumb Code    18  ff.o(i.mem_cpy)
    i.mem_set                                0x08005e3a   Section        0  ff.o(i.mem_set)
    mem_set                                  0x08005e3b   Thumb Code    12  ff.o(i.mem_set)
    i.move_window                            0x08005e46   Section        0  ff.o(i.move_window)
    move_window                              0x08005e47   Thumb Code    50  ff.o(i.move_window)
    i.put_fat                                0x08005e78   Section        0  ff.o(i.put_fat)
    put_fat                                  0x08005e79   Thumb Code   234  ff.o(i.put_fat)
    i.remove_chain                           0x08005f62   Section        0  ff.o(i.remove_chain)
    remove_chain                             0x08005f63   Thumb Code   116  ff.o(i.remove_chain)
    i.sdFatfs_test                           0x08005fd8   Section        0  main.o(i.sdFatfs_test)
    i.sd_init                                0x0800608c   Section        0  sdio_sdcard.o(i.sd_init)
    i.show_sdcard_info                       0x080060d4   Section        0  main.o(i.show_sdcard_info)
    i.st_clust                               0x08006218   Section        0  ff.o(i.st_clust)
    st_clust                                 0x08006219   Thumb Code    40  ff.o(i.st_clust)
    i.st_dword                               0x08006240   Section        0  ff.o(i.st_dword)
    st_dword                                 0x08006241   Thumb Code    16  ff.o(i.st_dword)
    i.st_word                                0x08006250   Section        0  ff.o(i.st_word)
    st_word                                  0x08006251   Thumb Code     8  ff.o(i.st_word)
    i.sync_fs                                0x08006258   Section        0  ff.o(i.sync_fs)
    sync_fs                                  0x08006259   Thumb Code   126  ff.o(i.sync_fs)
    i.sync_window                            0x080062e0   Section        0  ff.o(i.sync_window)
    sync_window                              0x080062e1   Thumb Code    82  ff.o(i.sync_window)
    i.validate                               0x08006332   Section        0  ff.o(i.validate)
    validate                                 0x08006333   Thumb Code    52  ff.o(i.validate)
    .constdata                               0x08006366   Section        8  stm32f4xx_hal_dma.o(.constdata)
    flagBitshiftOffset                       0x08006366   Data           8  stm32f4xx_hal_dma.o(.constdata)
    .constdata                               0x0800636e   Section       16  system_stm32f4xx.o(.constdata)
    .constdata                               0x0800637e   Section        8  system_stm32f4xx.o(.constdata)
    .constdata                               0x08006388   Section       20  sd_diskio.o(.constdata)
    .constdata                               0x0800639c   Section      156  ff.o(.constdata)
    ExCvt                                    0x0800639c   Data         128  ff.o(.constdata)
    cst                                      0x0800641c   Data          14  ff.o(.constdata)
    cst32                                    0x0800642a   Data          14  ff.o(.constdata)
    .constdata                               0x08006438   Section      115  lcd.o(.constdata)
    init_cmds1                               0x08006438   Data          59  lcd.o(.constdata)
    init_cmds2                               0x08006473   Data          13  lcd.o(.constdata)
    init_cmds3                               0x08006480   Data          43  lcd.o(.constdata)
    .constdata                               0x080064ac   Section     1900  fonts.o(.constdata)
    Font7x10                                 0x080064ac   Data        1900  fonts.o(.constdata)
    .data                                    0x20000000   Section     2051  main.o(.data)
    .data                                    0x20000804   Section       12  stm32f4xx_hal.o(.data)
    .data                                    0x20000810   Section        4  system_stm32f4xx.o(.data)
    .data                                    0x20000814   Section        1  sd_diskio.o(.data)
    Stat                                     0x20000814   Data           1  sd_diskio.o(.data)
    .data                                    0x20000815   Section        5  fatfs.o(.data)
    .data                                    0x2000081c   Section        8  ff.o(.data)
    Fsid                                     0x2000081c   Data           2  ff.o(.data)
    FatFs                                    0x20000820   Data           4  ff.o(.data)
    .data                                    0x20000824   Section       12  lcd.o(.data)
    _value_rotation                          0x20000824   Data           1  lcd.o(.data)
    _xstart                                  0x20000825   Data           1  lcd.o(.data)
    _ystart                                  0x20000826   Data           1  lcd.o(.data)
    _height                                  0x20000828   Data           2  lcd.o(.data)
    _width                                   0x2000082a   Data           2  lcd.o(.data)
    _data_rotation                           0x2000082c   Data           4  lcd.o(.data)
    .data                                    0x20000830   Section        8  fonts.o(.data)
    .data                                    0x20000838   Section        4  stdout.o(.data)
    .bss                                     0x2000083c   Section      164  sdio_sdcard.o(.bss)
    .bss                                     0x200008e0   Section     1152  main.o(.bss)
    .bss                                     0x20000d60   Section      324  sdio.o(.bss)
    .bss                                     0x20000ea4   Section      272  spi.o(.bss)
    .bss                                     0x20000fb4   Section       72  tim.o(.bss)
    .bss                                     0x20000ffc   Section      144  usart.o(.bss)
    .bss                                     0x2000108c   Section     1252  usb_otg.o(.bss)
    .bss                                     0x20001570   Section       32  ff.o(.bss)
    Files                                    0x20001570   Data          32  ff.o(.bss)
    .bss                                     0x20001590   Section       12  ff_gen_drv.o(.bss)
    .bss                                     0x2000159c   Section     2092  bsp_uart_fifo.o(.bss)
    g_tUart3                                 0x2000159c   Data          44  bsp_uart_fifo.o(.bss)
    g_TxBuf3                                 0x200015c8   Data        1024  bsp_uart_fifo.o(.bss)
    g_RxBuf3                                 0x200019c8   Data        1024  bsp_uart_fifo.o(.bss)
    STACK                                    0x20001dc8   Section     1024  startup_stm32f407xx.o(STACK)

    Global Symbols

    Symbol Name                              Value     Ov Type        Size  Object(Section)

    BuildAttributes$$THM_ISAv4$E$P$D$K$B$S$7EM$VFPi3$EXTD16$VFPS$VFMA$PE$A:L22UL41UL21$X:L11$S22US41US21$IEEE1$IW$USESV6$~STKCKD$USESV7$~SHL$OSPACE$ROPI$EBA8$MICROLIB$REQ8$PRES8$EABIv2 0x00000000   Number         0  anon$$obj.o ABSOLUTE
    __ARM_use_no_argv                        0x00000000   Number         0  main.o ABSOLUTE
    _printf_a                                0x00000000   Number         0  stubs.o ABSOLUTE
    _printf_c                                0x00000000   Number         0  stubs.o ABSOLUTE
    _printf_charcount                        0x00000000   Number         0  stubs.o ABSOLUTE
    _printf_d                                0x00000000   Number         0  stubs.o ABSOLUTE
    _printf_e                                0x00000000   Number         0  stubs.o ABSOLUTE
    _printf_f                                0x00000000   Number         0  stubs.o ABSOLUTE
    _printf_flags                            0x00000000   Number         0  stubs.o ABSOLUTE
    _printf_fp_dec                           0x00000000   Number         0  stubs.o ABSOLUTE
    _printf_fp_hex                           0x00000000   Number         0  stubs.o ABSOLUTE
    _printf_g                                0x00000000   Number         0  stubs.o ABSOLUTE
    _printf_i                                0x00000000   Number         0  stubs.o ABSOLUTE
    _printf_int_dec                          0x00000000   Number         0  stubs.o ABSOLUTE
    _printf_l                                0x00000000   Number         0  stubs.o ABSOLUTE
    _printf_lc                               0x00000000   Number         0  stubs.o ABSOLUTE
    _printf_ll                               0x00000000   Number         0  stubs.o ABSOLUTE
    _printf_lld                              0x00000000   Number         0  stubs.o ABSOLUTE
    _printf_lli                              0x00000000   Number         0  stubs.o ABSOLUTE
    _printf_llo                              0x00000000   Number         0  stubs.o ABSOLUTE
    _printf_llu                              0x00000000   Number         0  stubs.o ABSOLUTE
    _printf_llx                              0x00000000   Number         0  stubs.o ABSOLUTE
    _printf_longlong_dec                     0x00000000   Number         0  stubs.o ABSOLUTE
    _printf_longlong_hex                     0x00000000   Number         0  stubs.o ABSOLUTE
    _printf_longlong_oct                     0x00000000   Number         0  stubs.o ABSOLUTE
    _printf_ls                               0x00000000   Number         0  stubs.o ABSOLUTE
    _printf_mbtowc                           0x00000000   Number         0  stubs.o ABSOLUTE
    _printf_n                                0x00000000   Number         0  stubs.o ABSOLUTE
    _printf_o                                0x00000000   Number         0  stubs.o ABSOLUTE
    _printf_p                                0x00000000   Number         0  stubs.o ABSOLUTE
    _printf_percent                          0x00000000   Number         0  stubs.o ABSOLUTE
    _printf_pre_padding                      0x00000000   Number         0  stubs.o ABSOLUTE
    _printf_return_value                     0x00000000   Number         0  stubs.o ABSOLUTE
    _printf_s                                0x00000000   Number         0  stubs.o ABSOLUTE
    _printf_sizespec                         0x00000000   Number         0  stubs.o ABSOLUTE
    _printf_str                              0x00000000   Number         0  stubs.o ABSOLUTE
    _printf_truncate_signed                  0x00000000   Number         0  stubs.o ABSOLUTE
    _printf_truncate_unsigned                0x00000000   Number         0  stubs.o ABSOLUTE
    _printf_u                                0x00000000   Number         0  stubs.o ABSOLUTE
    _printf_wc                               0x00000000   Number         0  stubs.o ABSOLUTE
    _printf_wctomb                           0x00000000   Number         0  stubs.o ABSOLUTE
    _printf_widthprec                        0x00000000   Number         0  stubs.o ABSOLUTE
    _printf_x                                0x00000000   Number         0  stubs.o ABSOLUTE
    __arm_fini_                               - Undefined Weak Reference
    __cpp_initialize__aeabi_                  - Undefined Weak Reference
    __cxa_finalize                            - Undefined Weak Reference
    _clock_init                               - Undefined Weak Reference
    _microlib_exit                            - Undefined Weak Reference
    __Vectors_Size                           0x00000188   Number         0  startup_stm32f407xx.o ABSOLUTE
    __Vectors                                0x08000000   Data           4  startup_stm32f407xx.o(RESET)
    __Vectors_End                            0x08000188   Data           0  startup_stm32f407xx.o(RESET)
    __main                                   0x08000189   Thumb Code     0  entry.o(.ARM.Collect$$$$00000000)
    _main_stk                                0x08000189   Thumb Code     0  entry2.o(.ARM.Collect$$$$00000001)
    _main_scatterload                        0x0800018d   Thumb Code     0  entry5.o(.ARM.Collect$$$$00000004)
    __main_after_scatterload                 0x08000191   Thumb Code     0  entry5.o(.ARM.Collect$$$$00000004)
    _main_clock                              0x08000191   Thumb Code     0  entry7b.o(.ARM.Collect$$$$00000008)
    _main_cpp_init                           0x08000191   Thumb Code     0  entry8b.o(.ARM.Collect$$$$0000000A)
    _main_init                               0x08000191   Thumb Code     0  entry9a.o(.ARM.Collect$$$$0000000B)
    __rt_lib_shutdown_fini                   0x08000199   Thumb Code     0  entry12b.o(.ARM.Collect$$$$0000000E)
    __rt_final_cpp                           0x0800019d   Thumb Code     0  entry10a.o(.ARM.Collect$$$$0000000F)
    __rt_final_exit                          0x0800019d   Thumb Code     0  entry11a.o(.ARM.Collect$$$$00000011)
    Reset_Handler                            0x080001a1   Thumb Code     8  startup_stm32f407xx.o(.text)
    ADC_IRQHandler                           0x080001bb   Thumb Code     0  startup_stm32f407xx.o(.text)
    CAN1_RX0_IRQHandler                      0x080001bb   Thumb Code     0  startup_stm32f407xx.o(.text)
    CAN1_RX1_IRQHandler                      0x080001bb   Thumb Code     0  startup_stm32f407xx.o(.text)
    CAN1_SCE_IRQHandler                      0x080001bb   Thumb Code     0  startup_stm32f407xx.o(.text)
    CAN1_TX_IRQHandler                       0x080001bb   Thumb Code     0  startup_stm32f407xx.o(.text)
    CAN2_RX0_IRQHandler                      0x080001bb   Thumb Code     0  startup_stm32f407xx.o(.text)
    CAN2_RX1_IRQHandler                      0x080001bb   Thumb Code     0  startup_stm32f407xx.o(.text)
    CAN2_SCE_IRQHandler                      0x080001bb   Thumb Code     0  startup_stm32f407xx.o(.text)
    CAN2_TX_IRQHandler                       0x080001bb   Thumb Code     0  startup_stm32f407xx.o(.text)
    DCMI_IRQHandler                          0x080001bb   Thumb Code     0  startup_stm32f407xx.o(.text)
    DMA1_Stream0_IRQHandler                  0x080001bb   Thumb Code     0  startup_stm32f407xx.o(.text)
    DMA1_Stream1_IRQHandler                  0x080001bb   Thumb Code     0  startup_stm32f407xx.o(.text)
    DMA1_Stream2_IRQHandler                  0x080001bb   Thumb Code     0  startup_stm32f407xx.o(.text)
    DMA1_Stream3_IRQHandler                  0x080001bb   Thumb Code     0  startup_stm32f407xx.o(.text)
    DMA1_Stream5_IRQHandler                  0x080001bb   Thumb Code     0  startup_stm32f407xx.o(.text)
    DMA1_Stream6_IRQHandler                  0x080001bb   Thumb Code     0  startup_stm32f407xx.o(.text)
    DMA1_Stream7_IRQHandler                  0x080001bb   Thumb Code     0  startup_stm32f407xx.o(.text)
    DMA2_Stream0_IRQHandler                  0x080001bb   Thumb Code     0  startup_stm32f407xx.o(.text)
    DMA2_Stream1_IRQHandler                  0x080001bb   Thumb Code     0  startup_stm32f407xx.o(.text)
    DMA2_Stream2_IRQHandler                  0x080001bb   Thumb Code     0  startup_stm32f407xx.o(.text)
    DMA2_Stream4_IRQHandler                  0x080001bb   Thumb Code     0  startup_stm32f407xx.o(.text)
    DMA2_Stream5_IRQHandler                  0x080001bb   Thumb Code     0  startup_stm32f407xx.o(.text)
    DMA2_Stream7_IRQHandler                  0x080001bb   Thumb Code     0  startup_stm32f407xx.o(.text)
    ETH_IRQHandler                           0x080001bb   Thumb Code     0  startup_stm32f407xx.o(.text)
    ETH_WKUP_IRQHandler                      0x080001bb   Thumb Code     0  startup_stm32f407xx.o(.text)
    EXTI0_IRQHandler                         0x080001bb   Thumb Code     0  startup_stm32f407xx.o(.text)
    EXTI15_10_IRQHandler                     0x080001bb   Thumb Code     0  startup_stm32f407xx.o(.text)
    EXTI1_IRQHandler                         0x080001bb   Thumb Code     0  startup_stm32f407xx.o(.text)
    EXTI2_IRQHandler                         0x080001bb   Thumb Code     0  startup_stm32f407xx.o(.text)
    EXTI3_IRQHandler                         0x080001bb   Thumb Code     0  startup_stm32f407xx.o(.text)
    EXTI4_IRQHandler                         0x080001bb   Thumb Code     0  startup_stm32f407xx.o(.text)
    EXTI9_5_IRQHandler                       0x080001bb   Thumb Code     0  startup_stm32f407xx.o(.text)
    FLASH_IRQHandler                         0x080001bb   Thumb Code     0  startup_stm32f407xx.o(.text)
    FMC_IRQHandler                           0x080001bb   Thumb Code     0  startup_stm32f407xx.o(.text)
    FPU_IRQHandler                           0x080001bb   Thumb Code     0  startup_stm32f407xx.o(.text)
    HASH_RNG_IRQHandler                      0x080001bb   Thumb Code     0  startup_stm32f407xx.o(.text)
    I2C1_ER_IRQHandler                       0x080001bb   Thumb Code     0  startup_stm32f407xx.o(.text)
    I2C1_EV_IRQHandler                       0x080001bb   Thumb Code     0  startup_stm32f407xx.o(.text)
    I2C2_ER_IRQHandler                       0x080001bb   Thumb Code     0  startup_stm32f407xx.o(.text)
    I2C2_EV_IRQHandler                       0x080001bb   Thumb Code     0  startup_stm32f407xx.o(.text)
    I2C3_ER_IRQHandler                       0x080001bb   Thumb Code     0  startup_stm32f407xx.o(.text)
    I2C3_EV_IRQHandler                       0x080001bb   Thumb Code     0  startup_stm32f407xx.o(.text)
    OTG_FS_WKUP_IRQHandler                   0x080001bb   Thumb Code     0  startup_stm32f407xx.o(.text)
    OTG_HS_EP1_IN_IRQHandler                 0x080001bb   Thumb Code     0  startup_stm32f407xx.o(.text)
    OTG_HS_EP1_OUT_IRQHandler                0x080001bb   Thumb Code     0  startup_stm32f407xx.o(.text)
    OTG_HS_IRQHandler                        0x080001bb   Thumb Code     0  startup_stm32f407xx.o(.text)
    OTG_HS_WKUP_IRQHandler                   0x080001bb   Thumb Code     0  startup_stm32f407xx.o(.text)
    PVD_IRQHandler                           0x080001bb   Thumb Code     0  startup_stm32f407xx.o(.text)
    RCC_IRQHandler                           0x080001bb   Thumb Code     0  startup_stm32f407xx.o(.text)
    RTC_Alarm_IRQHandler                     0x080001bb   Thumb Code     0  startup_stm32f407xx.o(.text)
    RTC_WKUP_IRQHandler                      0x080001bb   Thumb Code     0  startup_stm32f407xx.o(.text)
    SPI1_IRQHandler                          0x080001bb   Thumb Code     0  startup_stm32f407xx.o(.text)
    SPI3_IRQHandler                          0x080001bb   Thumb Code     0  startup_stm32f407xx.o(.text)
    TAMP_STAMP_IRQHandler                    0x080001bb   Thumb Code     0  startup_stm32f407xx.o(.text)
    TIM1_BRK_TIM9_IRQHandler                 0x080001bb   Thumb Code     0  startup_stm32f407xx.o(.text)
    TIM1_CC_IRQHandler                       0x080001bb   Thumb Code     0  startup_stm32f407xx.o(.text)
    TIM1_TRG_COM_TIM11_IRQHandler            0x080001bb   Thumb Code     0  startup_stm32f407xx.o(.text)
    TIM1_UP_TIM10_IRQHandler                 0x080001bb   Thumb Code     0  startup_stm32f407xx.o(.text)
    TIM2_IRQHandler                          0x080001bb   Thumb Code     0  startup_stm32f407xx.o(.text)
    TIM4_IRQHandler                          0x080001bb   Thumb Code     0  startup_stm32f407xx.o(.text)
    TIM5_IRQHandler                          0x080001bb   Thumb Code     0  startup_stm32f407xx.o(.text)
    TIM6_DAC_IRQHandler                      0x080001bb   Thumb Code     0  startup_stm32f407xx.o(.text)
    TIM7_IRQHandler                          0x080001bb   Thumb Code     0  startup_stm32f407xx.o(.text)
    TIM8_BRK_TIM12_IRQHandler                0x080001bb   Thumb Code     0  startup_stm32f407xx.o(.text)
    TIM8_CC_IRQHandler                       0x080001bb   Thumb Code     0  startup_stm32f407xx.o(.text)
    TIM8_TRG_COM_TIM14_IRQHandler            0x080001bb   Thumb Code     0  startup_stm32f407xx.o(.text)
    TIM8_UP_TIM13_IRQHandler                 0x080001bb   Thumb Code     0  startup_stm32f407xx.o(.text)
    UART4_IRQHandler                         0x080001bb   Thumb Code     0  startup_stm32f407xx.o(.text)
    UART5_IRQHandler                         0x080001bb   Thumb Code     0  startup_stm32f407xx.o(.text)
    USART1_IRQHandler                        0x080001bb   Thumb Code     0  startup_stm32f407xx.o(.text)
    USART2_IRQHandler                        0x080001bb   Thumb Code     0  startup_stm32f407xx.o(.text)
    USART6_IRQHandler                        0x080001bb   Thumb Code     0  startup_stm32f407xx.o(.text)
    WWDG_IRQHandler                          0x080001bb   Thumb Code     0  startup_stm32f407xx.o(.text)
    __aeabi_uldivmod                         0x080001c5   Thumb Code    98  uldiv.o(.text)
    __aeabi_memset                           0x08000227   Thumb Code    14  memseta.o(.text)
    __aeabi_memset4                          0x08000227   Thumb Code     0  memseta.o(.text)
    __aeabi_memset8                          0x08000227   Thumb Code     0  memseta.o(.text)
    __aeabi_memclr                           0x08000235   Thumb Code     4  memseta.o(.text)
    __aeabi_memclr4                          0x08000235   Thumb Code     0  memseta.o(.text)
    __aeabi_memclr8                          0x08000235   Thumb Code     0  memseta.o(.text)
    _memset$wrapper                          0x08000239   Thumb Code    18  memseta.o(.text)
    __aeabi_uidiv                            0x0800024b   Thumb Code     0  uidiv.o(.text)
    __aeabi_uidivmod                         0x0800024b   Thumb Code    44  uidiv.o(.text)
    __aeabi_llsl                             0x08000277   Thumb Code    30  llshl.o(.text)
    _ll_shift_l                              0x08000277   Thumb Code     0  llshl.o(.text)
    __aeabi_llsr                             0x08000295   Thumb Code    32  llushr.o(.text)
    _ll_ushift_r                             0x08000295   Thumb Code     0  llushr.o(.text)
    __scatterload                            0x080002b5   Thumb Code    28  init.o(.text)
    __scatterload_rt2                        0x080002b5   Thumb Code     0  init.o(.text)
    __decompress                             0x080002d9   Thumb Code     0  __dczerorl2.o(.text)
    __decompress1                            0x080002d9   Thumb Code    86  __dczerorl2.o(.text)
    BSP_PlatformIsDetected                   0x08000331   Thumb Code    20  fatfs_platform.o(i.BSP_PlatformIsDetected)
    BSP_SD_AbortCallback                     0x08000349   Thumb Code     2  bsp_driver_sd.o(i.BSP_SD_AbortCallback)
    BSP_SD_GetCardInfo                       0x0800034d   Thumb Code     8  bsp_driver_sd.o(i.BSP_SD_GetCardInfo)
    BSP_SD_GetCardState                      0x08000359   Thumb Code    20  bsp_driver_sd.o(i.BSP_SD_GetCardState)
    BSP_SD_Init                              0x08000371   Thumb Code    42  bsp_driver_sd.o(i.BSP_SD_Init)
    BSP_SD_IsDetected                        0x080003a1   Thumb Code    26  bsp_driver_sd.o(i.BSP_SD_IsDetected)
    BSP_SD_ReadBlocks                        0x080003bd   Thumb Code    26  bsp_driver_sd.o(i.BSP_SD_ReadBlocks)
    BSP_SD_ReadCpltCallback                  0x080003dd   Thumb Code     2  bsp_driver_sd.o(i.BSP_SD_ReadCpltCallback)
    BSP_SD_WriteBlocks                       0x080003e1   Thumb Code    26  bsp_driver_sd.o(i.BSP_SD_WriteBlocks)
    BSP_SD_WriteCpltCallback                 0x08000401   Thumb Code     2  bsp_driver_sd.o(i.BSP_SD_WriteCpltCallback)
    BusFault_Handler                         0x08000403   Thumb Code     2  stm32f4xx_it.o(i.BusFault_Handler)
    ComToUart                                0x08000405   Thumb Code    20  bsp_uart_fifo.o(i.ComToUart)
    DMA1_Stream4_IRQHandler                  0x0800041d   Thumb Code     6  stm32f4xx_it.o(i.DMA1_Stream4_IRQHandler)
    DMA2_Stream3_IRQHandler                  0x08000429   Thumb Code     6  stm32f4xx_it.o(i.DMA2_Stream3_IRQHandler)
    DMA2_Stream6_IRQHandler                  0x08000435   Thumb Code     6  stm32f4xx_it.o(i.DMA2_Stream6_IRQHandler)
    DebugMon_Handler                         0x080004bd   Thumb Code     2  stm32f4xx_it.o(i.DebugMon_Handler)
    Error_Handler                            0x080004bf   Thumb Code     4  main.o(i.Error_Handler)
    FATFS_LinkDriver                         0x080004c3   Thumb Code     6  ff_gen_drv.o(i.FATFS_LinkDriver)
    FATFS_LinkDriverEx                       0x080004c9   Thumb Code    58  ff_gen_drv.o(i.FATFS_LinkDriverEx)
    HAL_DMA_Abort_IT                         0x08000509   Thumb Code    36  stm32f4xx_hal_dma.o(i.HAL_DMA_Abort_IT)
    HAL_DMA_IRQHandler                       0x0800052d   Thumb Code   412  stm32f4xx_hal_dma.o(i.HAL_DMA_IRQHandler)
    HAL_DMA_Init                             0x080006cd   Thumb Code   206  stm32f4xx_hal_dma.o(i.HAL_DMA_Init)
    HAL_Delay                                0x080007a1   Thumb Code    32  stm32f4xx_hal.o(i.HAL_Delay)
    HAL_GPIO_Init                            0x080007c5   Thumb Code   418  stm32f4xx_hal_gpio.o(i.HAL_GPIO_Init)
    HAL_GPIO_ReadPin                         0x08000995   Thumb Code    10  stm32f4xx_hal_gpio.o(i.HAL_GPIO_ReadPin)
    HAL_GPIO_WritePin                        0x0800099f   Thumb Code    10  stm32f4xx_hal_gpio.o(i.HAL_GPIO_WritePin)
    HAL_GetTick                              0x080009a9   Thumb Code     6  stm32f4xx_hal.o(i.HAL_GetTick)
    HAL_IncTick                              0x080009b5   Thumb Code    12  stm32f4xx_hal.o(i.HAL_IncTick)
    HAL_Init                                 0x080009c5   Thumb Code    48  stm32f4xx_hal.o(i.HAL_Init)
    HAL_InitTick                             0x080009f9   Thumb Code    54  stm32f4xx_hal.o(i.HAL_InitTick)
    HAL_MspInit                              0x08000a39   Thumb Code    42  stm32f4xx_hal_msp.o(i.HAL_MspInit)
    HAL_NVIC_EnableIRQ                       0x08000a69   Thumb Code    26  stm32f4xx_hal_cortex.o(i.HAL_NVIC_EnableIRQ)
    HAL_NVIC_SetPriority                     0x08000a85   Thumb Code    60  stm32f4xx_hal_cortex.o(i.HAL_NVIC_SetPriority)
    HAL_NVIC_SetPriorityGrouping             0x08000ac5   Thumb Code    26  stm32f4xx_hal_cortex.o(i.HAL_NVIC_SetPriorityGrouping)
    HAL_PCDEx_LPM_Callback                   0x08000ae9   Thumb Code     2  stm32f4xx_hal_pcd_ex.o(i.HAL_PCDEx_LPM_Callback)
    HAL_PCD_ConnectCallback                  0x08000aeb   Thumb Code     2  stm32f4xx_hal_pcd.o(i.HAL_PCD_ConnectCallback)
    HAL_PCD_DataInStageCallback              0x08000aed   Thumb Code     2  stm32f4xx_hal_pcd.o(i.HAL_PCD_DataInStageCallback)
    HAL_PCD_DataOutStageCallback             0x08000aef   Thumb Code     2  stm32f4xx_hal_pcd.o(i.HAL_PCD_DataOutStageCallback)
    HAL_PCD_DisconnectCallback               0x08000af1   Thumb Code     2  stm32f4xx_hal_pcd.o(i.HAL_PCD_DisconnectCallback)
    HAL_PCD_EP_Abort                         0x08000af3   Thumb Code    30  stm32f4xx_hal_pcd.o(i.HAL_PCD_EP_Abort)
    HAL_PCD_IRQHandler                       0x08000b11   Thumb Code  1350  stm32f4xx_hal_pcd.o(i.HAL_PCD_IRQHandler)
    HAL_PCD_ISOINIncompleteCallback          0x0800105d   Thumb Code     2  stm32f4xx_hal_pcd.o(i.HAL_PCD_ISOINIncompleteCallback)
    HAL_PCD_ISOOUTIncompleteCallback         0x0800105f   Thumb Code     2  stm32f4xx_hal_pcd.o(i.HAL_PCD_ISOOUTIncompleteCallback)
    HAL_PCD_Init                             0x08001061   Thumb Code   202  stm32f4xx_hal_pcd.o(i.HAL_PCD_Init)
    HAL_PCD_MspInit                          0x0800112d   Thumb Code   122  usb_otg.o(i.HAL_PCD_MspInit)
    HAL_PCD_ResetCallback                    0x080011b1   Thumb Code     2  stm32f4xx_hal_pcd.o(i.HAL_PCD_ResetCallback)
    HAL_PCD_ResumeCallback                   0x080011b3   Thumb Code     2  stm32f4xx_hal_pcd.o(i.HAL_PCD_ResumeCallback)
    HAL_PCD_SOFCallback                      0x080011b5   Thumb Code     2  stm32f4xx_hal_pcd.o(i.HAL_PCD_SOFCallback)
    HAL_PCD_SetupStageCallback               0x080011b7   Thumb Code     2  stm32f4xx_hal_pcd.o(i.HAL_PCD_SetupStageCallback)
    HAL_PCD_SuspendCallback                  0x080011b9   Thumb Code     2  stm32f4xx_hal_pcd.o(i.HAL_PCD_SuspendCallback)
    HAL_RCC_ClockConfig                      0x080011bd   Thumb Code   288  stm32f4xx_hal_rcc.o(i.HAL_RCC_ClockConfig)
    HAL_RCC_GetHCLKFreq                      0x080012f1   Thumb Code     6  stm32f4xx_hal_rcc.o(i.HAL_RCC_GetHCLKFreq)
    HAL_RCC_GetPCLK1Freq                     0x080012fd   Thumb Code    20  stm32f4xx_hal_rcc.o(i.HAL_RCC_GetPCLK1Freq)
    HAL_RCC_GetPCLK2Freq                     0x0800131d   Thumb Code    20  stm32f4xx_hal_rcc.o(i.HAL_RCC_GetPCLK2Freq)
    HAL_RCC_GetSysClockFreq                  0x0800133d   Thumb Code    88  stm32f4xx_hal_rcc.o(i.HAL_RCC_GetSysClockFreq)
    HAL_RCC_OscConfig                        0x0800139d   Thumb Code   836  stm32f4xx_hal_rcc.o(i.HAL_RCC_OscConfig)
    HAL_SD_AbortCallback                     0x080016f5   Thumb Code     8  bsp_driver_sd.o(i.HAL_SD_AbortCallback)
    HAL_SD_ConfigWideBusOperation            0x080016fd   Thumb Code   276  stm32f4xx_hal_sd.o(i.HAL_SD_ConfigWideBusOperation)
    HAL_SD_ErrorCallback                     0x08001815   Thumb Code     2  stm32f4xx_hal_sd.o(i.HAL_SD_ErrorCallback)
    HAL_SD_GetCardCID                        0x08001817   Thumb Code    80  stm32f4xx_hal_sd.o(i.HAL_SD_GetCardCID)
    HAL_SD_GetCardCSD                        0x08001869   Thumb Code   402  stm32f4xx_hal_sd.o(i.HAL_SD_GetCardCSD)
    HAL_SD_GetCardInfo                       0x08001a01   Thumb Code    36  stm32f4xx_hal_sd.o(i.HAL_SD_GetCardInfo)
    HAL_SD_GetCardState                      0x08001a25   Thumb Code    50  stm32f4xx_hal_sd.o(i.HAL_SD_GetCardState)
    HAL_SD_IRQHandler                        0x08001a59   Thumb Code   510  stm32f4xx_hal_sd.o(i.HAL_SD_IRQHandler)
    HAL_SD_Init                              0x08001c61   Thumb Code    54  stm32f4xx_hal_sd.o(i.HAL_SD_Init)
    HAL_SD_InitCard                          0x08001c99   Thumb Code   114  stm32f4xx_hal_sd.o(i.HAL_SD_InitCard)
    HAL_SD_MspInit                           0x08001d15   Thumb Code   300  sdio.o(i.HAL_SD_MspInit)
    HAL_SD_ReadBlocks                        0x08001e59   Thumb Code   476  stm32f4xx_hal_sd.o(i.HAL_SD_ReadBlocks)
    HAL_SD_RxCpltCallback                    0x08002039   Thumb Code     8  bsp_driver_sd.o(i.HAL_SD_RxCpltCallback)
    HAL_SD_TxCpltCallback                    0x08002041   Thumb Code     8  bsp_driver_sd.o(i.HAL_SD_TxCpltCallback)
    HAL_SD_WriteBlocks                       0x08002049   Thumb Code   426  stm32f4xx_hal_sd.o(i.HAL_SD_WriteBlocks)
    HAL_SPI_ErrorCallback                    0x080021f9   Thumb Code     2  stm32f4xx_hal_spi.o(i.HAL_SPI_ErrorCallback)
    HAL_SPI_IRQHandler                       0x080021fd   Thumb Code   246  stm32f4xx_hal_spi.o(i.HAL_SPI_IRQHandler)
    HAL_SPI_Init                             0x080022f9   Thumb Code   188  stm32f4xx_hal_spi.o(i.HAL_SPI_Init)
    HAL_SPI_MspInit                          0x080023b5   Thumb Code   250  spi.o(i.HAL_SPI_MspInit)
    HAL_SPI_Transmit                         0x080024d1   Thumb Code   362  stm32f4xx_hal_spi.o(i.HAL_SPI_Transmit)
    HAL_SPI_TransmitReceive                  0x0800263b   Thumb Code   488  stm32f4xx_hal_spi.o(i.HAL_SPI_TransmitReceive)
    HAL_SYSTICK_Config                       0x08002823   Thumb Code    40  stm32f4xx_hal_cortex.o(i.HAL_SYSTICK_Config)
    HAL_TIMEx_BreakCallback                  0x0800284b   Thumb Code     2  stm32f4xx_hal_tim_ex.o(i.HAL_TIMEx_BreakCallback)
    HAL_TIMEx_CommutCallback                 0x0800284d   Thumb Code     2  stm32f4xx_hal_tim_ex.o(i.HAL_TIMEx_CommutCallback)
    HAL_TIMEx_MasterConfigSynchronization    0x08002851   Thumb Code   116  stm32f4xx_hal_tim_ex.o(i.HAL_TIMEx_MasterConfigSynchronization)
    HAL_TIM_Base_Init                        0x080028e1   Thumb Code    90  stm32f4xx_hal_tim.o(i.HAL_TIM_Base_Init)
    HAL_TIM_Base_MspInit                     0x0800293d   Thumb Code    50  tim.o(i.HAL_TIM_Base_MspInit)
    HAL_TIM_ConfigClockSource                0x08002979   Thumb Code   220  stm32f4xx_hal_tim.o(i.HAL_TIM_ConfigClockSource)
    HAL_TIM_IC_CaptureCallback               0x08002a55   Thumb Code     2  stm32f4xx_hal_tim.o(i.HAL_TIM_IC_CaptureCallback)
    HAL_TIM_IRQHandler                       0x08002a57   Thumb Code   304  stm32f4xx_hal_tim.o(i.HAL_TIM_IRQHandler)
    HAL_TIM_OC_DelayElapsedCallback          0x08002b87   Thumb Code     2  stm32f4xx_hal_tim.o(i.HAL_TIM_OC_DelayElapsedCallback)
    HAL_TIM_PWM_PulseFinishedCallback        0x08002b89   Thumb Code     2  stm32f4xx_hal_tim.o(i.HAL_TIM_PWM_PulseFinishedCallback)
    HAL_TIM_PeriodElapsedCallback            0x08002b8b   Thumb Code     2  stm32f4xx_hal_tim.o(i.HAL_TIM_PeriodElapsedCallback)
    HAL_TIM_TriggerCallback                  0x08002b8d   Thumb Code     2  stm32f4xx_hal_tim.o(i.HAL_TIM_TriggerCallback)
    HAL_UART_Init                            0x08002b8f   Thumb Code   100  stm32f4xx_hal_uart.o(i.HAL_UART_Init)
    HAL_UART_MspInit                         0x08002bf5   Thumb Code   170  usart.o(i.HAL_UART_MspInit)
    HardFault_Handler                        0x08002cb5   Thumb Code     2  stm32f4xx_it.o(i.HardFault_Handler)
    MX_DMA_Init                              0x08002cb9   Thumb Code    88  dma.o(i.MX_DMA_Init)
    MX_FATFS_Init                            0x08002d15   Thumb Code    18  fatfs.o(i.MX_FATFS_Init)
    MX_GPIO_Init                             0x08002d31   Thumb Code   234  gpio.o(i.MX_GPIO_Init)
    MX_SDIO_SD_Init                          0x08002e31   Thumb Code    30  sdio.o(i.MX_SDIO_SD_Init)
    MX_SPI1_Init                             0x08002e59   Thumb Code    62  spi.o(i.MX_SPI1_Init)
    MX_SPI2_Init                             0x08002ea1   Thumb Code    62  spi.o(i.MX_SPI2_Init)
    MX_TIM3_Init                             0x08002ee9   Thumb Code    96  tim.o(i.MX_TIM3_Init)
    MX_USART1_UART_Init                      0x08002f51   Thumb Code    48  usart.o(i.MX_USART1_UART_Init)
    MX_USART3_UART_Init                      0x08002f89   Thumb Code    48  usart.o(i.MX_USART3_UART_Init)
    MX_USB_OTG_FS_PCD_Init                   0x08002fc1   Thumb Code    52  usb_otg.o(i.MX_USB_OTG_FS_PCD_Init)
    MemManage_Handler                        0x08002ff9   Thumb Code     2  stm32f4xx_it.o(i.MemManage_Handler)
    NMI_Handler                              0x08002ffb   Thumb Code     2  stm32f4xx_it.o(i.NMI_Handler)
    OTG_FS_IRQHandler                        0x08002ffd   Thumb Code     6  stm32f4xx_it.o(i.OTG_FS_IRQHandler)
    PendSV_Handler                           0x0800316d   Thumb Code     2  stm32f4xx_it.o(i.PendSV_Handler)
    SDIO_ConfigData                          0x0800316f   Thumb Code    36  stm32f4xx_ll_sdmmc.o(i.SDIO_ConfigData)
    SDIO_GetPowerState                       0x08003193   Thumb Code     8  stm32f4xx_ll_sdmmc.o(i.SDIO_GetPowerState)
    SDIO_GetResponse                         0x0800319b   Thumb Code     6  stm32f4xx_ll_sdmmc.o(i.SDIO_GetResponse)
    SDIO_IRQHandler                          0x080031a1   Thumb Code     6  stm32f4xx_it.o(i.SDIO_IRQHandler)
    SDIO_Init                                0x080031ad   Thumb Code    36  stm32f4xx_ll_sdmmc.o(i.SDIO_Init)
    SDIO_PowerState_ON                       0x080031d1   Thumb Code     8  stm32f4xx_ll_sdmmc.o(i.SDIO_PowerState_ON)
    SDIO_ReadFIFO                            0x080031d9   Thumb Code     6  stm32f4xx_ll_sdmmc.o(i.SDIO_ReadFIFO)
    SDIO_SendCommand                         0x080031df   Thumb Code    32  stm32f4xx_ll_sdmmc.o(i.SDIO_SendCommand)
    SDIO_WriteFIFO                           0x080031ff   Thumb Code    10  stm32f4xx_ll_sdmmc.o(i.SDIO_WriteFIFO)
    SDMMC_CmdAppCommand                      0x08003209   Thumb Code    48  stm32f4xx_ll_sdmmc.o(i.SDMMC_CmdAppCommand)
    SDMMC_CmdAppOperCommand                  0x08003239   Thumb Code    46  stm32f4xx_ll_sdmmc.o(i.SDMMC_CmdAppOperCommand)
    SDMMC_CmdBlockLength                     0x0800326d   Thumb Code    48  stm32f4xx_ll_sdmmc.o(i.SDMMC_CmdBlockLength)
    SDMMC_CmdBusWidth                        0x0800329d   Thumb Code    48  stm32f4xx_ll_sdmmc.o(i.SDMMC_CmdBusWidth)
    SDMMC_CmdGoIdleState                     0x080032cd   Thumb Code    74  stm32f4xx_ll_sdmmc.o(i.SDMMC_CmdGoIdleState)
    SDMMC_CmdOperCond                        0x0800331d   Thumb Code    46  stm32f4xx_ll_sdmmc.o(i.SDMMC_CmdOperCond)
    SDMMC_CmdReadMultiBlock                  0x0800334b   Thumb Code    48  stm32f4xx_ll_sdmmc.o(i.SDMMC_CmdReadMultiBlock)
    SDMMC_CmdReadSingleBlock                 0x0800337b   Thumb Code    48  stm32f4xx_ll_sdmmc.o(i.SDMMC_CmdReadSingleBlock)
    SDMMC_CmdSelDesel                        0x080033ab   Thumb Code    50  stm32f4xx_ll_sdmmc.o(i.SDMMC_CmdSelDesel)
    SDMMC_CmdSendCID                         0x080033dd   Thumb Code    42  stm32f4xx_ll_sdmmc.o(i.SDMMC_CmdSendCID)
    SDMMC_CmdSendCSD                         0x08003407   Thumb Code    44  stm32f4xx_ll_sdmmc.o(i.SDMMC_CmdSendCSD)
    SDMMC_CmdSendSCR                         0x08003433   Thumb Code    48  stm32f4xx_ll_sdmmc.o(i.SDMMC_CmdSendSCR)
    SDMMC_CmdSendStatus                      0x08003463   Thumb Code    48  stm32f4xx_ll_sdmmc.o(i.SDMMC_CmdSendStatus)
    SDMMC_CmdSetRelAdd                       0x08003493   Thumb Code    48  stm32f4xx_ll_sdmmc.o(i.SDMMC_CmdSetRelAdd)
    SDMMC_CmdStopTransfer                    0x080034c5   Thumb Code    46  stm32f4xx_ll_sdmmc.o(i.SDMMC_CmdStopTransfer)
    SDMMC_CmdWriteMultiBlock                 0x080034f9   Thumb Code    48  stm32f4xx_ll_sdmmc.o(i.SDMMC_CmdWriteMultiBlock)
    SDMMC_CmdWriteSingleBlock                0x08003529   Thumb Code    48  stm32f4xx_ll_sdmmc.o(i.SDMMC_CmdWriteSingleBlock)
    SDMMC_GetCmdResp1                        0x08003559   Thumb Code   278  stm32f4xx_ll_sdmmc.o(i.SDMMC_GetCmdResp1)
    SDMMC_GetCmdResp2                        0x08003679   Thumb Code    76  stm32f4xx_ll_sdmmc.o(i.SDMMC_GetCmdResp2)
    SDMMC_GetCmdResp3                        0x080036c9   Thumb Code    62  stm32f4xx_ll_sdmmc.o(i.SDMMC_GetCmdResp3)
    SDMMC_GetCmdResp6                        0x0800370d   Thumb Code   130  stm32f4xx_ll_sdmmc.o(i.SDMMC_GetCmdResp6)
    SDMMC_GetCmdResp7                        0x08003795   Thumb Code    82  stm32f4xx_ll_sdmmc.o(i.SDMMC_GetCmdResp7)
    SD_initialize                            0x08003b11   Thumb Code    28  sd_diskio.o(i.SD_initialize)
    SD_ioctl                                 0x08003b31   Thumb Code    76  sd_diskio.o(i.SD_ioctl)
    SD_read                                  0x08003b81   Thumb Code    36  sd_diskio.o(i.SD_read)
    SD_status                                0x08003ba5   Thumb Code     4  sd_diskio.o(i.SD_status)
    SD_write                                 0x08003ba9   Thumb Code    36  sd_diskio.o(i.SD_write)
    SPI2_IRQHandler                          0x08003bcd   Thumb Code     6  stm32f4xx_it.o(i.SPI2_IRQHandler)
    SPIF_CsPin                               0x08003bd9   Thumb Code    24  w25qxx.o(i.SPIF_CsPin)
    SPIF_FindChip                            0x08003bf1   Thumb Code   248  w25qxx.o(i.SPIF_FindChip)
    SPIF_Init                                0x08003ced   Thumb Code    96  w25qxx.o(i.SPIF_Init)
    SPIF_Transmit                            0x08003d4d   Thumb Code    20  w25qxx.o(i.SPIF_Transmit)
    SPIF_TransmitReceive                     0x08003d61   Thumb Code    24  w25qxx.o(i.SPIF_TransmitReceive)
    SPIF_WriteDisable                        0x08003d79   Thumb Code    48  w25qxx.o(i.SPIF_WriteDisable)
    ST7735_Backlight_On                      0x08003ee1   Thumb Code    10  lcd.o(i.ST7735_Backlight_On)
    ST7735_DrawString                        0x08003ef1   Thumb Code   120  lcd.o(i.ST7735_DrawString)
    ST7735_FillRectangle                     0x08003fb9   Thumb Code   170  lcd.o(i.ST7735_FillRectangle)
    ST7735_FillScreen                        0x08004075   Thumb Code    24  lcd.o(i.ST7735_FillScreen)
    ST7735_Init                              0x08004091   Thumb Code    86  lcd.o(i.ST7735_Init)
    SVC_Handler                              0x08004225   Thumb Code     2  stm32f4xx_it.o(i.SVC_Handler)
    SysTick_Handler                          0x08004227   Thumb Code     4  stm32f4xx_it.o(i.SysTick_Handler)
    SystemClock_Config                       0x0800422d   Thumb Code   140  main.o(i.SystemClock_Config)
    SystemInit                               0x080042c1   Thumb Code    12  system_stm32f4xx.o(i.SystemInit)
    TIM3_IRQHandler                          0x080042d1   Thumb Code     6  stm32f4xx_it.o(i.TIM3_IRQHandler)
    TIM_Base_SetConfig                       0x080042dd   Thumb Code   170  stm32f4xx_hal_tim.o(i.TIM_Base_SetConfig)
    TIM_ETR_SetConfig                        0x080043b5   Thumb Code    20  stm32f4xx_hal_tim.o(i.TIM_ETR_SetConfig)
    USART3_IRQHandler                        0x0800452d   Thumb Code     6  bsp_uart_fifo.o(i.USART3_IRQHandler)
    USB_ActivateSetup                        0x08004539   Thumb Code    28  stm32f4xx_ll_usb.o(i.USB_ActivateSetup)
    USB_CoreInit                             0x08004555   Thumb Code   126  stm32f4xx_ll_usb.o(i.USB_CoreInit)
    USB_DevDisconnect                        0x08004615   Thumb Code    28  stm32f4xx_ll_usb.o(i.USB_DevDisconnect)
    USB_DevInit                              0x08004631   Thumb Code   358  stm32f4xx_ll_usb.o(i.USB_DevInit)
    USB_DisableGlobalInt                     0x080047a1   Thumb Code    12  stm32f4xx_ll_usb.o(i.USB_DisableGlobalInt)
    USB_EP0_OutStart                         0x080047ad   Thumb Code    84  stm32f4xx_ll_usb.o(i.USB_EP0_OutStart)
    USB_EPStopXfer                           0x08004805   Thumb Code   156  stm32f4xx_ll_usb.o(i.USB_EPStopXfer)
    USB_FlushRxFifo                          0x080048a1   Thumb Code    56  stm32f4xx_ll_usb.o(i.USB_FlushRxFifo)
    USB_FlushTxFifo                          0x080048d9   Thumb Code    60  stm32f4xx_ll_usb.o(i.USB_FlushTxFifo)
    USB_GetDevSpeed                          0x08004915   Thumb Code    26  stm32f4xx_ll_usb.o(i.USB_GetDevSpeed)
    USB_GetMode                              0x0800492f   Thumb Code     8  stm32f4xx_ll_usb.o(i.USB_GetMode)
    USB_ReadDevAllInEpInterrupt              0x08004937   Thumb Code    14  stm32f4xx_ll_usb.o(i.USB_ReadDevAllInEpInterrupt)
    USB_ReadDevAllOutEpInterrupt             0x08004945   Thumb Code    14  stm32f4xx_ll_usb.o(i.USB_ReadDevAllOutEpInterrupt)
    USB_ReadDevInEPInterrupt                 0x08004953   Thumb Code    36  stm32f4xx_ll_usb.o(i.USB_ReadDevInEPInterrupt)
    USB_ReadDevOutEPInterrupt                0x08004977   Thumb Code    16  stm32f4xx_ll_usb.o(i.USB_ReadDevOutEPInterrupt)
    USB_ReadInterrupts                       0x08004987   Thumb Code     8  stm32f4xx_ll_usb.o(i.USB_ReadInterrupts)
    USB_ReadPacket                           0x0800498f   Thumb Code    62  stm32f4xx_ll_usb.o(i.USB_ReadPacket)
    USB_SetCurrentMode                       0x080049cd   Thumb Code    92  stm32f4xx_ll_usb.o(i.USB_SetCurrentMode)
    USB_SetTurnaroundTime                    0x08004a29   Thumb Code   158  stm32f4xx_ll_usb.o(i.USB_SetTurnaroundTime)
    USB_WritePacket                          0x08004b11   Thumb Code    38  stm32f4xx_ll_usb.o(i.USB_WritePacket)
    UsageFault_Handler                       0x08004c83   Thumb Code     2  stm32f4xx_it.o(i.UsageFault_Handler)
    __0printf$3                              0x08004c85   Thumb Code    22  printf3.o(i.__0printf$3)
    __1printf$3                              0x08004c85   Thumb Code     0  printf3.o(i.__0printf$3)
    __2printf                                0x08004c85   Thumb Code     0  printf3.o(i.__0printf$3)
    __scatterload_copy                       0x08004cc5   Thumb Code    14  handlers.o(i.__scatterload_copy)
    __scatterload_null                       0x08004cd3   Thumb Code     2  handlers.o(i.__scatterload_null)
    __scatterload_zeroinit                   0x08004cd5   Thumb Code    14  handlers.o(i.__scatterload_zeroinit)
    comSendBuf                               0x08004fc5   Thumb Code    36  bsp_uart_fifo.o(i.comSendBuf)
    comSendChar                              0x08004fe9   Thumb Code    12  bsp_uart_fifo.o(i.comSendChar)
    disk_initialize                          0x080053d5   Thumb Code    38  diskio.o(i.disk_initialize)
    disk_ioctl                               0x08005401   Thumb Code    22  diskio.o(i.disk_ioctl)
    disk_read                                0x0800541d   Thumb Code    24  diskio.o(i.disk_read)
    disk_status                              0x08005439   Thumb Code    18  diskio.o(i.disk_status)
    disk_write                               0x08005451   Thumb Code    24  diskio.o(i.disk_write)
    f_close                                  0x0800546d   Thumb Code    40  ff.o(i.f_close)
    f_mount                                  0x08005495   Thumb Code    84  ff.o(i.f_mount)
    f_open                                   0x080054ed   Thumb Code   510  ff.o(i.f_open)
    f_read                                   0x080056f1   Thumb Code   326  ff.o(i.f_read)
    f_sync                                   0x08005837   Thumb Code   142  ff.o(i.f_sync)
    fputc                                    0x08005b85   Thumb Code    16  bsp_uart_fifo.o(i.fputc)
    get_fattime                              0x08005c53   Thumb Code     4  fatfs.o(i.get_fattime)
    get_sd_card_info                         0x08005c95   Thumb Code     8  sdio_sdcard.o(i.get_sd_card_info)
    main                                     0x08005d69   Thumb Code   140  main.o(i.main)
    sdFatfs_test                             0x08005fd9   Thumb Code    78  main.o(i.sdFatfs_test)
    sd_init                                  0x0800608d   Thumb Code    62  sdio_sdcard.o(i.sd_init)
    show_sdcard_info                         0x080060d5   Thumb Code   122  main.o(i.show_sdcard_info)
    AHBPrescTable                            0x0800636e   Data          16  system_stm32f4xx.o(.constdata)
    APBPrescTable                            0x0800637e   Data           8  system_stm32f4xx.o(.constdata)
    SD_Driver                                0x08006388   Data          20  sd_diskio.o(.constdata)
    Region$$Table$$Base                      0x08006c18   Number         0  anon$$obj.o(Region$$Table)
    Region$$Table$$Limit                     0x08006c38   Number         0  anon$$obj.o(Region$$Table)
    keyVal                                   0x20000000   Data           1  main.o(.data)
    key_pressed                              0x20000001   Data           1  main.o(.data)
    res                                      0x20000002   Data           1  main.o(.data)
    WriteBuf                                 0x20000003   Data        2048  main.o(.data)
    uwTickFreq                               0x20000804   Data           1  stm32f4xx_hal.o(.data)
    uwTickPrio                               0x20000808   Data           4  stm32f4xx_hal.o(.data)
    uwTick                                   0x2000080c   Data           4  stm32f4xx_hal.o(.data)
    SystemCoreClock                          0x20000810   Data           4  system_stm32f4xx.o(.data)
    retSD                                    0x20000815   Data           1  fatfs.o(.data)
    SDPath                                   0x20000816   Data           4  fatfs.o(.data)
    Font_7x10                                0x20000830   Data           8  fonts.o(.data)
    __stdout                                 0x20000838   Data           4  stdout.o(.data)
    g_sdcard_handler                         0x2000083c   Data         132  sdio_sdcard.o(.bss)
    g_sd_card_info_handle                    0x200008c0   Data          32  sdio_sdcard.o(.bss)
    hSPIF                                    0x200008e0   Data          32  main.o(.bss)
    fs                                       0x20000900   Data         560  main.o(.bss)
    file                                     0x20000b30   Data         560  main.o(.bss)
    hsd                                      0x20000d60   Data         132  sdio.o(.bss)
    hdma_sdio_tx                             0x20000de4   Data          96  sdio.o(.bss)
    hdma_sdio_rx                             0x20000e44   Data          96  sdio.o(.bss)
    hspi1                                    0x20000ea4   Data          88  spi.o(.bss)
    hspi2                                    0x20000efc   Data          88  spi.o(.bss)
    hdma_spi2_tx                             0x20000f54   Data          96  spi.o(.bss)
    htim3                                    0x20000fb4   Data          72  tim.o(.bss)
    huart1                                   0x20000ffc   Data          72  usart.o(.bss)
    huart3                                   0x20001044   Data          72  usart.o(.bss)
    hpcd_USB_OTG_FS                          0x2000108c   Data        1252  usb_otg.o(.bss)
    disk                                     0x20001590   Data          12  ff_gen_drv.o(.bss)
    __initial_sp                             0x200021c8   Data           0  startup_stm32f407xx.o(STACK)



==============================================================================

Memory Map of the image

  Image Entry point : 0x08000189

  Load Region LR_IROM1 (Base: 0x08000000, Size: 0x00007474, Max: 0x00010000, ABSOLUTE, COMPRESSED[0x00006c78])

    Execution Region ER_IROM1 (Exec base: 0x08000000, Load base: 0x08000000, Size: 0x00006c38, Max: 0x00010000, ABSOLUTE)

    Exec Addr    Load Addr    Size         Type   Attr      Idx    E Section Name        Object

    0x08000000   0x08000000   0x00000188   Data   RO            3    RESET               startup_stm32f407xx.o
    0x08000188   0x08000188   0x00000000   Code   RO         6180  * .ARM.Collect$$$$00000000  mc_w.l(entry.o)
    0x08000188   0x08000188   0x00000004   Code   RO         6482    .ARM.Collect$$$$00000001  mc_w.l(entry2.o)
    0x0800018c   0x0800018c   0x00000004   Code   RO         6485    .ARM.Collect$$$$00000004  mc_w.l(entry5.o)
    0x08000190   0x08000190   0x00000000   Code   RO         6487    .ARM.Collect$$$$00000008  mc_w.l(entry7b.o)
    0x08000190   0x08000190   0x00000000   Code   RO         6489    .ARM.Collect$$$$0000000A  mc_w.l(entry8b.o)
    0x08000190   0x08000190   0x00000008   Code   RO         6490    .ARM.Collect$$$$0000000B  mc_w.l(entry9a.o)
    0x08000198   0x08000198   0x00000004   Code   RO         6497    .ARM.Collect$$$$0000000E  mc_w.l(entry12b.o)
    0x0800019c   0x0800019c   0x00000000   Code   RO         6492    .ARM.Collect$$$$0000000F  mc_w.l(entry10a.o)
    0x0800019c   0x0800019c   0x00000000   Code   RO         6494    .ARM.Collect$$$$00000011  mc_w.l(entry11a.o)
    0x0800019c   0x0800019c   0x00000004   Code   RO         6483    .ARM.Collect$$$$00002712  mc_w.l(entry2.o)
    0x080001a0   0x080001a0   0x00000024   Code   RO            4    .text               startup_stm32f407xx.o
    0x080001c4   0x080001c4   0x00000062   Code   RO         6183    .text               mc_w.l(uldiv.o)
    0x08000226   0x08000226   0x00000024   Code   RO         6187    .text               mc_w.l(memseta.o)
    0x0800024a   0x0800024a   0x0000002c   Code   RO         6499    .text               mc_w.l(uidiv.o)
    0x08000276   0x08000276   0x0000001e   Code   RO         6501    .text               mc_w.l(llshl.o)
    0x08000294   0x08000294   0x00000020   Code   RO         6503    .text               mc_w.l(llushr.o)
    0x080002b4   0x080002b4   0x00000024   Code   RO         6518    .text               mc_w.l(init.o)
    0x080002d8   0x080002d8   0x00000056   Code   RO         6532    .text               mc_w.l(__dczerorl2.o)
    0x0800032e   0x0800032e   0x00000002   PAD
    0x08000330   0x08000330   0x00000018   Code   RO         5077    i.BSP_PlatformIsDetected  fatfs_platform.o
    0x08000348   0x08000348   0x00000002   Code   RO         4896    i.BSP_SD_AbortCallback  bsp_driver_sd.o
    0x0800034a   0x0800034a   0x00000002   PAD
    0x0800034c   0x0800034c   0x0000000c   Code   RO         4899    i.BSP_SD_GetCardInfo  bsp_driver_sd.o
    0x08000358   0x08000358   0x00000018   Code   RO         4900    i.BSP_SD_GetCardState  bsp_driver_sd.o
    0x08000370   0x08000370   0x00000030   Code   RO         4902    i.BSP_SD_Init       bsp_driver_sd.o
    0x080003a0   0x080003a0   0x0000001a   Code   RO         4903    i.BSP_SD_IsDetected  bsp_driver_sd.o
    0x080003ba   0x080003ba   0x00000002   PAD
    0x080003bc   0x080003bc   0x00000020   Code   RO         4904    i.BSP_SD_ReadBlocks  bsp_driver_sd.o
    0x080003dc   0x080003dc   0x00000002   Code   RO         4906    i.BSP_SD_ReadCpltCallback  bsp_driver_sd.o
    0x080003de   0x080003de   0x00000002   PAD
    0x080003e0   0x080003e0   0x00000020   Code   RO         4907    i.BSP_SD_WriteBlocks  bsp_driver_sd.o
    0x08000400   0x08000400   0x00000002   Code   RO         4909    i.BSP_SD_WriteCpltCallback  bsp_driver_sd.o
    0x08000402   0x08000402   0x00000002   Code   RO          824    i.BusFault_Handler  stm32f4xx_it.o
    0x08000404   0x08000404   0x00000018   Code   RO         5852    i.ComToUart         bsp_uart_fifo.o
    0x0800041c   0x0800041c   0x0000000c   Code   RO          825    i.DMA1_Stream4_IRQHandler  stm32f4xx_it.o
    0x08000428   0x08000428   0x0000000c   Code   RO          826    i.DMA2_Stream3_IRQHandler  stm32f4xx_it.o
    0x08000434   0x08000434   0x0000000c   Code   RO          827    i.DMA2_Stream6_IRQHandler  stm32f4xx_it.o
    0x08000440   0x08000440   0x00000028   Code   RO         1425    i.DMA_CalcBaseAndBitshift  stm32f4xx_hal_dma.o
    0x08000468   0x08000468   0x00000054   Code   RO         1426    i.DMA_CheckFifoParam  stm32f4xx_hal_dma.o
    0x080004bc   0x080004bc   0x00000002   Code   RO          828    i.DebugMon_Handler  stm32f4xx_it.o
    0x080004be   0x080004be   0x00000004   Code   RO          403    i.Error_Handler     main.o
    0x080004c2   0x080004c2   0x00000006   Code   RO         5530    i.FATFS_LinkDriver  ff_gen_drv.o
    0x080004c8   0x080004c8   0x00000040   Code   RO         5531    i.FATFS_LinkDriverEx  ff_gen_drv.o
    0x08000508   0x08000508   0x00000024   Code   RO         1429    i.HAL_DMA_Abort_IT  stm32f4xx_hal_dma.o
    0x0800052c   0x0800052c   0x000001a0   Code   RO         1433    i.HAL_DMA_IRQHandler  stm32f4xx_hal_dma.o
    0x080006cc   0x080006cc   0x000000d4   Code   RO         1434    i.HAL_DMA_Init      stm32f4xx_hal_dma.o
    0x080007a0   0x080007a0   0x00000024   Code   RO         1853    i.HAL_Delay         stm32f4xx_hal.o
    0x080007c4   0x080007c4   0x000001d0   Code   RO         1321    i.HAL_GPIO_Init     stm32f4xx_hal_gpio.o
    0x08000994   0x08000994   0x0000000a   Code   RO         1323    i.HAL_GPIO_ReadPin  stm32f4xx_hal_gpio.o
    0x0800099e   0x0800099e   0x0000000a   Code   RO         1325    i.HAL_GPIO_WritePin  stm32f4xx_hal_gpio.o
    0x080009a8   0x080009a8   0x0000000c   Code   RO         1859    i.HAL_GetTick       stm32f4xx_hal.o
    0x080009b4   0x080009b4   0x00000010   Code   RO         1865    i.HAL_IncTick       stm32f4xx_hal.o
    0x080009c4   0x080009c4   0x00000034   Code   RO         1866    i.HAL_Init          stm32f4xx_hal.o
    0x080009f8   0x080009f8   0x00000040   Code   RO         1867    i.HAL_InitTick      stm32f4xx_hal.o
    0x08000a38   0x08000a38   0x00000030   Code   RO          942    i.HAL_MspInit       stm32f4xx_hal_msp.o
    0x08000a68   0x08000a68   0x0000001a   Code   RO         1711    i.HAL_NVIC_EnableIRQ  stm32f4xx_hal_cortex.o
    0x08000a82   0x08000a82   0x00000002   PAD
    0x08000a84   0x08000a84   0x00000040   Code   RO         1717    i.HAL_NVIC_SetPriority  stm32f4xx_hal_cortex.o
    0x08000ac4   0x08000ac4   0x00000024   Code   RO         1718    i.HAL_NVIC_SetPriorityGrouping  stm32f4xx_hal_cortex.o
    0x08000ae8   0x08000ae8   0x00000002   Code   RO         4512    i.HAL_PCDEx_LPM_Callback  stm32f4xx_hal_pcd_ex.o
    0x08000aea   0x08000aea   0x00000002   Code   RO         4274    i.HAL_PCD_ConnectCallback  stm32f4xx_hal_pcd.o
    0x08000aec   0x08000aec   0x00000002   Code   RO         4275    i.HAL_PCD_DataInStageCallback  stm32f4xx_hal_pcd.o
    0x08000aee   0x08000aee   0x00000002   Code   RO         4276    i.HAL_PCD_DataOutStageCallback  stm32f4xx_hal_pcd.o
    0x08000af0   0x08000af0   0x00000002   Code   RO         4281    i.HAL_PCD_DisconnectCallback  stm32f4xx_hal_pcd.o
    0x08000af2   0x08000af2   0x0000001e   Code   RO         4282    i.HAL_PCD_EP_Abort  stm32f4xx_hal_pcd.o
    0x08000b10   0x08000b10   0x0000054c   Code   RO         4292    i.HAL_PCD_IRQHandler  stm32f4xx_hal_pcd.o
    0x0800105c   0x0800105c   0x00000002   Code   RO         4293    i.HAL_PCD_ISOINIncompleteCallback  stm32f4xx_hal_pcd.o
    0x0800105e   0x0800105e   0x00000002   Code   RO         4294    i.HAL_PCD_ISOOUTIncompleteCallback  stm32f4xx_hal_pcd.o
    0x08001060   0x08001060   0x000000ca   Code   RO         4295    i.HAL_PCD_Init      stm32f4xx_hal_pcd.o
    0x0800112a   0x0800112a   0x00000002   PAD
    0x0800112c   0x0800112c   0x00000084   Code   RO          783    i.HAL_PCD_MspInit   usb_otg.o
    0x080011b0   0x080011b0   0x00000002   Code   RO         4298    i.HAL_PCD_ResetCallback  stm32f4xx_hal_pcd.o
    0x080011b2   0x080011b2   0x00000002   Code   RO         4299    i.HAL_PCD_ResumeCallback  stm32f4xx_hal_pcd.o
    0x080011b4   0x080011b4   0x00000002   Code   RO         4300    i.HAL_PCD_SOFCallback  stm32f4xx_hal_pcd.o
    0x080011b6   0x080011b6   0x00000002   Code   RO         4303    i.HAL_PCD_SetupStageCallback  stm32f4xx_hal_pcd.o
    0x080011b8   0x080011b8   0x00000002   Code   RO         4306    i.HAL_PCD_SuspendCallback  stm32f4xx_hal_pcd.o
    0x080011ba   0x080011ba   0x00000002   PAD
    0x080011bc   0x080011bc   0x00000134   Code   RO          967    i.HAL_RCC_ClockConfig  stm32f4xx_hal_rcc.o
    0x080012f0   0x080012f0   0x0000000c   Code   RO          972    i.HAL_RCC_GetHCLKFreq  stm32f4xx_hal_rcc.o
    0x080012fc   0x080012fc   0x00000020   Code   RO          974    i.HAL_RCC_GetPCLK1Freq  stm32f4xx_hal_rcc.o
    0x0800131c   0x0800131c   0x00000020   Code   RO          975    i.HAL_RCC_GetPCLK2Freq  stm32f4xx_hal_rcc.o
    0x0800133c   0x0800133c   0x00000060   Code   RO          976    i.HAL_RCC_GetSysClockFreq  stm32f4xx_hal_rcc.o
    0x0800139c   0x0800139c   0x00000358   Code   RO          979    i.HAL_RCC_OscConfig  stm32f4xx_hal_rcc.o
    0x080016f4   0x080016f4   0x00000008   Code   RO         4910    i.HAL_SD_AbortCallback  bsp_driver_sd.o
    0x080016fc   0x080016fc   0x00000118   Code   RO         2393    i.HAL_SD_ConfigWideBusOperation  stm32f4xx_hal_sd.o
    0x08001814   0x08001814   0x00000002   Code   RO         2396    i.HAL_SD_ErrorCallback  stm32f4xx_hal_sd.o
    0x08001816   0x08001816   0x00000050   Code   RO         2397    i.HAL_SD_GetCardCID  stm32f4xx_hal_sd.o
    0x08001866   0x08001866   0x00000002   PAD
    0x08001868   0x08001868   0x00000198   Code   RO         2398    i.HAL_SD_GetCardCSD  stm32f4xx_hal_sd.o
    0x08001a00   0x08001a00   0x00000024   Code   RO         2399    i.HAL_SD_GetCardInfo  stm32f4xx_hal_sd.o
    0x08001a24   0x08001a24   0x00000032   Code   RO         2400    i.HAL_SD_GetCardState  stm32f4xx_hal_sd.o
    0x08001a56   0x08001a56   0x00000002   PAD
    0x08001a58   0x08001a58   0x00000208   Code   RO         2404    i.HAL_SD_IRQHandler  stm32f4xx_hal_sd.o
    0x08001c60   0x08001c60   0x00000036   Code   RO         2405    i.HAL_SD_Init       stm32f4xx_hal_sd.o
    0x08001c96   0x08001c96   0x00000002   PAD
    0x08001c98   0x08001c98   0x0000007c   Code   RO         2406    i.HAL_SD_InitCard   stm32f4xx_hal_sd.o
    0x08001d14   0x08001d14   0x00000144   Code   RO          602    i.HAL_SD_MspInit    sdio.o
    0x08001e58   0x08001e58   0x000001e0   Code   RO         2409    i.HAL_SD_ReadBlocks  stm32f4xx_hal_sd.o
    0x08002038   0x08002038   0x00000008   Code   RO         4911    i.HAL_SD_RxCpltCallback  bsp_driver_sd.o
    0x08002040   0x08002040   0x00000008   Code   RO         4912    i.HAL_SD_TxCpltCallback  bsp_driver_sd.o
    0x08002048   0x08002048   0x000001b0   Code   RO         2414    i.HAL_SD_WriteBlocks  stm32f4xx_hal_sd.o
    0x080021f8   0x080021f8   0x00000002   Code   RO         2622    i.HAL_SPI_ErrorCallback  stm32f4xx_hal_spi.o
    0x080021fa   0x080021fa   0x00000002   PAD
    0x080021fc   0x080021fc   0x000000fc   Code   RO         2625    i.HAL_SPI_IRQHandler  stm32f4xx_hal_spi.o
    0x080022f8   0x080022f8   0x000000bc   Code   RO         2626    i.HAL_SPI_Init      stm32f4xx_hal_spi.o
    0x080023b4   0x080023b4   0x0000011c   Code   RO          644    i.HAL_SPI_MspInit   spi.o
    0x080024d0   0x080024d0   0x0000016a   Code   RO         2634    i.HAL_SPI_Transmit  stm32f4xx_hal_spi.o
    0x0800263a   0x0800263a   0x000001e8   Code   RO         2635    i.HAL_SPI_TransmitReceive  stm32f4xx_hal_spi.o
    0x08002822   0x08002822   0x00000028   Code   RO         1722    i.HAL_SYSTICK_Config  stm32f4xx_hal_cortex.o
    0x0800284a   0x0800284a   0x00000002   Code   RO         3643    i.HAL_TIMEx_BreakCallback  stm32f4xx_hal_tim_ex.o
    0x0800284c   0x0800284c   0x00000002   Code   RO         3644    i.HAL_TIMEx_CommutCallback  stm32f4xx_hal_tim_ex.o
    0x0800284e   0x0800284e   0x00000002   PAD
    0x08002850   0x08002850   0x00000090   Code   RO         3662    i.HAL_TIMEx_MasterConfigSynchronization  stm32f4xx_hal_tim_ex.o
    0x080028e0   0x080028e0   0x0000005a   Code   RO         2939    i.HAL_TIM_Base_Init  stm32f4xx_hal_tim.o
    0x0800293a   0x0800293a   0x00000002   PAD
    0x0800293c   0x0800293c   0x0000003c   Code   RO          692    i.HAL_TIM_Base_MspInit  tim.o
    0x08002978   0x08002978   0x000000dc   Code   RO         2948    i.HAL_TIM_ConfigClockSource  stm32f4xx_hal_tim.o
    0x08002a54   0x08002a54   0x00000002   Code   RO         2973    i.HAL_TIM_IC_CaptureCallback  stm32f4xx_hal_tim.o
    0x08002a56   0x08002a56   0x00000130   Code   RO         2987    i.HAL_TIM_IRQHandler  stm32f4xx_hal_tim.o
    0x08002b86   0x08002b86   0x00000002   Code   RO         2990    i.HAL_TIM_OC_DelayElapsedCallback  stm32f4xx_hal_tim.o
    0x08002b88   0x08002b88   0x00000002   Code   RO         3017    i.HAL_TIM_PWM_PulseFinishedCallback  stm32f4xx_hal_tim.o
    0x08002b8a   0x08002b8a   0x00000002   Code   RO         3025    i.HAL_TIM_PeriodElapsedCallback  stm32f4xx_hal_tim.o
    0x08002b8c   0x08002b8c   0x00000002   Code   RO         3030    i.HAL_TIM_TriggerCallback  stm32f4xx_hal_tim.o
    0x08002b8e   0x08002b8e   0x00000064   Code   RO         3940    i.HAL_UART_Init     stm32f4xx_hal_uart.o
    0x08002bf2   0x08002bf2   0x00000002   PAD
    0x08002bf4   0x08002bf4   0x000000c0   Code   RO          735    i.HAL_UART_MspInit  usart.o
    0x08002cb4   0x08002cb4   0x00000002   Code   RO          829    i.HardFault_Handler  stm32f4xx_it.o
    0x08002cb6   0x08002cb6   0x00000002   PAD
    0x08002cb8   0x08002cb8   0x0000005c   Code   RO          577    i.MX_DMA_Init       dma.o
    0x08002d14   0x08002d14   0x0000001c   Code   RO         5101    i.MX_FATFS_Init     fatfs.o
    0x08002d30   0x08002d30   0x00000100   Code   RO          553    i.MX_GPIO_Init      gpio.o
    0x08002e30   0x08002e30   0x00000028   Code   RO          603    i.MX_SDIO_SD_Init   sdio.o
    0x08002e58   0x08002e58   0x00000048   Code   RO          645    i.MX_SPI1_Init      spi.o
    0x08002ea0   0x08002ea0   0x00000048   Code   RO          646    i.MX_SPI2_Init      spi.o
    0x08002ee8   0x08002ee8   0x00000068   Code   RO          693    i.MX_TIM3_Init      tim.o
    0x08002f50   0x08002f50   0x00000038   Code   RO          736    i.MX_USART1_UART_Init  usart.o
    0x08002f88   0x08002f88   0x00000038   Code   RO          737    i.MX_USART3_UART_Init  usart.o
    0x08002fc0   0x08002fc0   0x00000038   Code   RO          784    i.MX_USB_OTG_FS_PCD_Init  usb_otg.o
    0x08002ff8   0x08002ff8   0x00000002   Code   RO          830    i.MemManage_Handler  stm32f4xx_it.o
    0x08002ffa   0x08002ffa   0x00000002   Code   RO          831    i.NMI_Handler       stm32f4xx_it.o
    0x08002ffc   0x08002ffc   0x0000000c   Code   RO          832    i.OTG_FS_IRQHandler  stm32f4xx_it.o
    0x08003008   0x08003008   0x000000cc   Code   RO         4308    i.PCD_EP_OutXfrComplete_int  stm32f4xx_hal_pcd.o
    0x080030d4   0x080030d4   0x00000098   Code   RO         4309    i.PCD_WriteEmptyTxFifo  stm32f4xx_hal_pcd.o
    0x0800316c   0x0800316c   0x00000002   Code   RO          833    i.PendSV_Handler    stm32f4xx_it.o
    0x0800316e   0x0800316e   0x00000024   Code   RO         2104    i.SDIO_ConfigData   stm32f4xx_ll_sdmmc.o
    0x08003192   0x08003192   0x00000008   Code   RO         2108    i.SDIO_GetPowerState  stm32f4xx_ll_sdmmc.o
    0x0800319a   0x0800319a   0x00000006   Code   RO         2109    i.SDIO_GetResponse  stm32f4xx_ll_sdmmc.o
    0x080031a0   0x080031a0   0x0000000c   Code   RO          834    i.SDIO_IRQHandler   stm32f4xx_it.o
    0x080031ac   0x080031ac   0x00000024   Code   RO         2110    i.SDIO_Init         stm32f4xx_ll_sdmmc.o
    0x080031d0   0x080031d0   0x00000008   Code   RO         2112    i.SDIO_PowerState_ON  stm32f4xx_ll_sdmmc.o
    0x080031d8   0x080031d8   0x00000006   Code   RO         2113    i.SDIO_ReadFIFO     stm32f4xx_ll_sdmmc.o
    0x080031de   0x080031de   0x00000020   Code   RO         2114    i.SDIO_SendCommand  stm32f4xx_ll_sdmmc.o
    0x080031fe   0x080031fe   0x0000000a   Code   RO         2116    i.SDIO_WriteFIFO    stm32f4xx_ll_sdmmc.o
    0x08003208   0x08003208   0x00000030   Code   RO         2117    i.SDMMC_CmdAppCommand  stm32f4xx_ll_sdmmc.o
    0x08003238   0x08003238   0x00000034   Code   RO         2118    i.SDMMC_CmdAppOperCommand  stm32f4xx_ll_sdmmc.o
    0x0800326c   0x0800326c   0x00000030   Code   RO         2119    i.SDMMC_CmdBlockLength  stm32f4xx_ll_sdmmc.o
    0x0800329c   0x0800329c   0x00000030   Code   RO         2120    i.SDMMC_CmdBusWidth  stm32f4xx_ll_sdmmc.o
    0x080032cc   0x080032cc   0x00000050   Code   RO         2124    i.SDMMC_CmdGoIdleState  stm32f4xx_ll_sdmmc.o
    0x0800331c   0x0800331c   0x0000002e   Code   RO         2126    i.SDMMC_CmdOperCond  stm32f4xx_ll_sdmmc.o
    0x0800334a   0x0800334a   0x00000030   Code   RO         2127    i.SDMMC_CmdReadMultiBlock  stm32f4xx_ll_sdmmc.o
    0x0800337a   0x0800337a   0x00000030   Code   RO         2128    i.SDMMC_CmdReadSingleBlock  stm32f4xx_ll_sdmmc.o
    0x080033aa   0x080033aa   0x00000032   Code   RO         2131    i.SDMMC_CmdSelDesel  stm32f4xx_ll_sdmmc.o
    0x080033dc   0x080033dc   0x0000002a   Code   RO         2132    i.SDMMC_CmdSendCID  stm32f4xx_ll_sdmmc.o
    0x08003406   0x08003406   0x0000002c   Code   RO         2133    i.SDMMC_CmdSendCSD  stm32f4xx_ll_sdmmc.o
    0x08003432   0x08003432   0x00000030   Code   RO         2135    i.SDMMC_CmdSendSCR  stm32f4xx_ll_sdmmc.o
    0x08003462   0x08003462   0x00000030   Code   RO         2136    i.SDMMC_CmdSendStatus  stm32f4xx_ll_sdmmc.o
    0x08003492   0x08003492   0x00000030   Code   RO         2137    i.SDMMC_CmdSetRelAdd  stm32f4xx_ll_sdmmc.o
    0x080034c2   0x080034c2   0x00000002   PAD
    0x080034c4   0x080034c4   0x00000034   Code   RO         2140    i.SDMMC_CmdStopTransfer  stm32f4xx_ll_sdmmc.o
    0x080034f8   0x080034f8   0x00000030   Code   RO         2142    i.SDMMC_CmdWriteMultiBlock  stm32f4xx_ll_sdmmc.o
    0x08003528   0x08003528   0x00000030   Code   RO         2143    i.SDMMC_CmdWriteSingleBlock  stm32f4xx_ll_sdmmc.o
    0x08003558   0x08003558   0x00000120   Code   RO         2144    i.SDMMC_GetCmdResp1  stm32f4xx_ll_sdmmc.o
    0x08003678   0x08003678   0x00000050   Code   RO         2145    i.SDMMC_GetCmdResp2  stm32f4xx_ll_sdmmc.o
    0x080036c8   0x080036c8   0x00000044   Code   RO         2146    i.SDMMC_GetCmdResp3  stm32f4xx_ll_sdmmc.o
    0x0800370c   0x0800370c   0x00000088   Code   RO         2147    i.SDMMC_GetCmdResp6  stm32f4xx_ll_sdmmc.o
    0x08003794   0x08003794   0x00000058   Code   RO         2148    i.SDMMC_GetCmdResp7  stm32f4xx_ll_sdmmc.o
    0x080037ec   0x080037ec   0x00000020   Code   RO         5017    i.SD_CheckStatus    sd_diskio.o
    0x0800380c   0x0800380c   0x00000044   Code   RO         2419    i.SD_DMARxAbort     stm32f4xx_hal_sd.o
    0x08003850   0x08003850   0x00000044   Code   RO         2421    i.SD_DMATxAbort     stm32f4xx_hal_sd.o
    0x08003894   0x08003894   0x000000e0   Code   RO         2422    i.SD_FindSCR        stm32f4xx_hal_sd.o
    0x08003974   0x08003974   0x000000ee   Code   RO         2423    i.SD_InitCard       stm32f4xx_hal_sd.o
    0x08003a62   0x08003a62   0x00000002   PAD
    0x08003a64   0x08003a64   0x000000ac   Code   RO         2424    i.SD_PowerON        stm32f4xx_hal_sd.o
    0x08003b10   0x08003b10   0x00000020   Code   RO         5018    i.SD_initialize     sd_diskio.o
    0x08003b30   0x08003b30   0x00000050   Code   RO         5019    i.SD_ioctl          sd_diskio.o
    0x08003b80   0x08003b80   0x00000024   Code   RO         5020    i.SD_read           sd_diskio.o
    0x08003ba4   0x08003ba4   0x00000004   Code   RO         5021    i.SD_status         sd_diskio.o
    0x08003ba8   0x08003ba8   0x00000024   Code   RO         5022    i.SD_write          sd_diskio.o
    0x08003bcc   0x08003bcc   0x0000000c   Code   RO          835    i.SPI2_IRQHandler   stm32f4xx_it.o
    0x08003bd8   0x08003bd8   0x00000018   Code   RO           13    i.SPIF_CsPin        w25qxx.o
    0x08003bf0   0x08003bf0   0x000000fc   Code   RO           18    i.SPIF_FindChip     w25qxx.o
    0x08003cec   0x08003cec   0x00000060   Code   RO           19    i.SPIF_Init         w25qxx.o
    0x08003d4c   0x08003d4c   0x00000014   Code   RO           30    i.SPIF_Transmit     w25qxx.o
    0x08003d60   0x08003d60   0x00000018   Code   RO           31    i.SPIF_TransmitReceive  w25qxx.o
    0x08003d78   0x08003d78   0x00000034   Code   RO           36    i.SPIF_WriteDisable  w25qxx.o
    0x08003dac   0x08003dac   0x00000010   Code   RO         2653    i.SPI_DMAAbortOnError  stm32f4xx_hal_spi.o
    0x08003dbc   0x08003dbc   0x0000006c   Code   RO         2664    i.SPI_EndRxTxTransaction  stm32f4xx_hal_spi.o
    0x08003e28   0x08003e28   0x000000b8   Code   RO         2669    i.SPI_WaitFlagStateUntilTimeout  stm32f4xx_hal_spi.o
    0x08003ee0   0x08003ee0   0x00000010   Code   RO         5605    i.ST7735_Backlight_On  lcd.o
    0x08003ef0   0x08003ef0   0x00000080   Code   RO         5616    i.ST7735_DrawString  lcd.o
    0x08003f70   0x08003f70   0x00000046   Code   RO         5619    i.ST7735_ExecuteCommandList  lcd.o
    0x08003fb6   0x08003fb6   0x00000002   PAD
    0x08003fb8   0x08003fb8   0x000000bc   Code   RO         5623    i.ST7735_FillRectangle  lcd.o
    0x08004074   0x08004074   0x0000001c   Code   RO         5625    i.ST7735_FillScreen  lcd.o
    0x08004090   0x08004090   0x00000064   Code   RO         5630    i.ST7735_Init       lcd.o
    0x080040f4   0x080040f4   0x00000058   Code   RO         5632    i.ST7735_SetAddressWindow  lcd.o
    0x0800414c   0x0800414c   0x00000086   Code   RO         5635    i.ST7735_WriteChar  lcd.o
    0x080041d2   0x080041d2   0x00000002   PAD
    0x080041d4   0x080041d4   0x00000024   Code   RO         5636    i.ST7735_WriteCommand  lcd.o
    0x080041f8   0x080041f8   0x0000002c   Code   RO         5637    i.ST7735_WriteData  lcd.o
    0x08004224   0x08004224   0x00000002   Code   RO          836    i.SVC_Handler       stm32f4xx_it.o
    0x08004226   0x08004226   0x00000004   Code   RO          837    i.SysTick_Handler   stm32f4xx_it.o
    0x0800422a   0x0800422a   0x00000002   PAD
    0x0800422c   0x0800422c   0x00000094   Code   RO          405    i.SystemClock_Config  main.o
    0x080042c0   0x080042c0   0x00000010   Code   RO         4859    i.SystemInit        system_stm32f4xx.o
    0x080042d0   0x080042d0   0x0000000c   Code   RO          838    i.TIM3_IRQHandler   stm32f4xx_it.o
    0x080042dc   0x080042dc   0x000000d8   Code   RO         3032    i.TIM_Base_SetConfig  stm32f4xx_hal_tim.o
    0x080043b4   0x080043b4   0x00000014   Code   RO         3043    i.TIM_ETR_SetConfig  stm32f4xx_hal_tim.o
    0x080043c8   0x080043c8   0x00000010   Code   RO         3044    i.TIM_ITRx_SetConfig  stm32f4xx_hal_tim.o
    0x080043d8   0x080043d8   0x00000022   Code   RO         3050    i.TIM_TI1_ConfigInputStage  stm32f4xx_hal_tim.o
    0x080043fa   0x080043fa   0x00000024   Code   RO         3052    i.TIM_TI2_ConfigInputStage  stm32f4xx_hal_tim.o
    0x0800441e   0x0800441e   0x00000002   PAD
    0x08004420   0x08004420   0x0000010c   Code   RO         3966    i.UART_SetConfig    stm32f4xx_hal_uart.o
    0x0800452c   0x0800452c   0x0000000c   Code   RO         5861    i.USART3_IRQHandler  bsp_uart_fifo.o
    0x08004538   0x08004538   0x0000001c   Code   RO         4556    i.USB_ActivateSetup  stm32f4xx_ll_usb.o
    0x08004554   0x08004554   0x00000084   Code   RO         4558    i.USB_CoreInit      stm32f4xx_ll_usb.o
    0x080045d8   0x080045d8   0x0000003c   Code   RO         4559    i.USB_CoreReset     stm32f4xx_ll_usb.o
    0x08004614   0x08004614   0x0000001c   Code   RO         4564    i.USB_DevDisconnect  stm32f4xx_ll_usb.o
    0x08004630   0x08004630   0x00000170   Code   RO         4565    i.USB_DevInit       stm32f4xx_ll_usb.o
    0x080047a0   0x080047a0   0x0000000c   Code   RO         4566    i.USB_DisableGlobalInt  stm32f4xx_ll_usb.o
    0x080047ac   0x080047ac   0x00000058   Code   RO         4569    i.USB_EP0_OutStart  stm32f4xx_ll_usb.o
    0x08004804   0x08004804   0x0000009c   Code   RO         4573    i.USB_EPStopXfer    stm32f4xx_ll_usb.o
    0x080048a0   0x080048a0   0x00000038   Code   RO         4575    i.USB_FlushRxFifo   stm32f4xx_ll_usb.o
    0x080048d8   0x080048d8   0x0000003c   Code   RO         4576    i.USB_FlushTxFifo   stm32f4xx_ll_usb.o
    0x08004914   0x08004914   0x0000001a   Code   RO         4578    i.USB_GetDevSpeed   stm32f4xx_ll_usb.o
    0x0800492e   0x0800492e   0x00000008   Code   RO         4580    i.USB_GetMode       stm32f4xx_ll_usb.o
    0x08004936   0x08004936   0x0000000e   Code   RO         4588    i.USB_ReadDevAllInEpInterrupt  stm32f4xx_ll_usb.o
    0x08004944   0x08004944   0x0000000e   Code   RO         4589    i.USB_ReadDevAllOutEpInterrupt  stm32f4xx_ll_usb.o
    0x08004952   0x08004952   0x00000024   Code   RO         4590    i.USB_ReadDevInEPInterrupt  stm32f4xx_ll_usb.o
    0x08004976   0x08004976   0x00000010   Code   RO         4591    i.USB_ReadDevOutEPInterrupt  stm32f4xx_ll_usb.o
    0x08004986   0x08004986   0x00000008   Code   RO         4592    i.USB_ReadInterrupts  stm32f4xx_ll_usb.o
    0x0800498e   0x0800498e   0x0000003e   Code   RO         4593    i.USB_ReadPacket    stm32f4xx_ll_usb.o
    0x080049cc   0x080049cc   0x0000005c   Code   RO         4595    i.USB_SetCurrentMode  stm32f4xx_ll_usb.o
    0x08004a28   0x08004a28   0x000000e8   Code   RO         4598    i.USB_SetTurnaroundTime  stm32f4xx_ll_usb.o
    0x08004b10   0x08004b10   0x00000026   Code   RO         4601    i.USB_WritePacket   stm32f4xx_ll_usb.o
    0x08004b36   0x08004b36   0x000000d0   Code   RO         5862    i.UartIRQ           bsp_uart_fifo.o
    0x08004c06   0x08004c06   0x0000007c   Code   RO         5863    i.UartSend          bsp_uart_fifo.o
    0x08004c82   0x08004c82   0x00000002   Code   RO          839    i.UsageFault_Handler  stm32f4xx_it.o
    0x08004c84   0x08004c84   0x00000020   Code   RO         6282    i.__0printf$3       mc_w.l(printf3.o)
    0x08004ca4   0x08004ca4   0x00000020   Code   RO         1724    i.__NVIC_SetPriority  stm32f4xx_hal_cortex.o
    0x08004cc4   0x08004cc4   0x0000000e   Code   RO         6526    i.__scatterload_copy  mc_w.l(handlers.o)
    0x08004cd2   0x08004cd2   0x00000002   Code   RO         6527    i.__scatterload_null  mc_w.l(handlers.o)
    0x08004cd4   0x08004cd4   0x0000000e   Code   RO         6528    i.__scatterload_zeroinit  mc_w.l(handlers.o)
    0x08004ce2   0x08004ce2   0x00000002   PAD
    0x08004ce4   0x08004ce4   0x000001b8   Code   RO         6289    i._printf_core      mc_w.l(printf3.o)
    0x08004e9c   0x08004e9c   0x00000070   Code   RO         5194    i.check_fs          ff.o
    0x08004f0c   0x08004f0c   0x0000005c   Code   RO         5195    i.chk_lock          ff.o
    0x08004f68   0x08004f68   0x00000020   Code   RO         5196    i.clear_lock        ff.o
    0x08004f88   0x08004f88   0x00000024   Code   RO         5197    i.clmt_clust        ff.o
    0x08004fac   0x08004fac   0x00000018   Code   RO         5198    i.clust2sect        ff.o
    0x08004fc4   0x08004fc4   0x00000024   Code   RO         5871    i.comSendBuf        bsp_uart_fifo.o
    0x08004fe8   0x08004fe8   0x0000000c   Code   RO         5872    i.comSendChar       bsp_uart_fifo.o
    0x08004ff4   0x08004ff4   0x000000a4   Code   RO         5199    i.create_chain      ff.o
    0x08005098   0x08005098   0x000000bc   Code   RO         5200    i.create_name       ff.o
    0x08005154   0x08005154   0x00000034   Code   RO         5201    i.dec_lock          ff.o
    0x08005188   0x08005188   0x00000064   Code   RO         5202    i.dir_find          ff.o
    0x080051ec   0x080051ec   0x000000ee   Code   RO         5203    i.dir_next          ff.o
    0x080052da   0x080052da   0x00000076   Code   RO         5205    i.dir_register      ff.o
    0x08005350   0x08005350   0x00000082   Code   RO         5207    i.dir_sdi           ff.o
    0x080053d2   0x080053d2   0x00000002   PAD
    0x080053d4   0x080053d4   0x0000002c   Code   RO         5139    i.disk_initialize   diskio.o
    0x08005400   0x08005400   0x0000001c   Code   RO         5140    i.disk_ioctl        diskio.o
    0x0800541c   0x0800541c   0x0000001c   Code   RO         5141    i.disk_read         diskio.o
    0x08005438   0x08005438   0x00000018   Code   RO         5142    i.disk_status       diskio.o
    0x08005450   0x08005450   0x0000001c   Code   RO         5143    i.disk_write        diskio.o
    0x0800546c   0x0800546c   0x00000028   Code   RO         5208    i.f_close           ff.o
    0x08005494   0x08005494   0x00000058   Code   RO         5215    i.f_mount           ff.o
    0x080054ec   0x080054ec   0x00000204   Code   RO         5216    i.f_open            ff.o
    0x080056f0   0x080056f0   0x00000146   Code   RO         5221    i.f_read            ff.o
    0x08005836   0x08005836   0x0000008e   Code   RO         5225    i.f_sync            ff.o
    0x080058c4   0x080058c4   0x0000024c   Code   RO         5229    i.find_volume       ff.o
    0x08005b10   0x08005b10   0x00000074   Code   RO         5230    i.follow_path       ff.o
    0x08005b84   0x08005b84   0x00000010   Code   RO         5875    i.fputc             bsp_uart_fifo.o
    0x08005b94   0x08005b94   0x000000be   Code   RO         5231    i.get_fat           ff.o
    0x08005c52   0x08005c52   0x00000004   Code   RO         5102    i.get_fattime       fatfs.o
    0x08005c56   0x08005c56   0x0000003c   Code   RO         5233    i.get_ldnumber      ff.o
    0x08005c92   0x08005c92   0x00000002   PAD
    0x08005c94   0x08005c94   0x0000000c   Code   RO          349    i.get_sd_card_info  sdio_sdcard.o
    0x08005ca0   0x08005ca0   0x00000080   Code   RO         5234    i.inc_lock          ff.o
    0x08005d20   0x08005d20   0x00000026   Code   RO         5235    i.ld_clust          ff.o
    0x08005d46   0x08005d46   0x00000016   Code   RO         5236    i.ld_dword          ff.o
    0x08005d5c   0x08005d5c   0x0000000a   Code   RO         5237    i.ld_word           ff.o
    0x08005d66   0x08005d66   0x00000002   PAD
    0x08005d68   0x08005d68   0x000000c0   Code   RO          407    i.main              main.o
    0x08005e28   0x08005e28   0x00000012   Code   RO         5238    i.mem_cpy           ff.o
    0x08005e3a   0x08005e3a   0x0000000c   Code   RO         5239    i.mem_set           ff.o
    0x08005e46   0x08005e46   0x00000032   Code   RO         5240    i.move_window       ff.o
    0x08005e78   0x08005e78   0x000000ea   Code   RO         5241    i.put_fat           ff.o
    0x08005f62   0x08005f62   0x00000074   Code   RO         5244    i.remove_chain      ff.o
    0x08005fd6   0x08005fd6   0x00000002   PAD
    0x08005fd8   0x08005fd8   0x000000b4   Code   RO          408    i.sdFatfs_test      main.o
    0x0800608c   0x0800608c   0x00000048   Code   RO          351    i.sd_init           sdio_sdcard.o
    0x080060d4   0x080060d4   0x00000144   Code   RO          410    i.show_sdcard_info  main.o
    0x08006218   0x08006218   0x00000028   Code   RO         5245    i.st_clust          ff.o
    0x08006240   0x08006240   0x00000010   Code   RO         5246    i.st_dword          ff.o
    0x08006250   0x08006250   0x00000008   Code   RO         5247    i.st_word           ff.o
    0x08006258   0x08006258   0x00000088   Code   RO         5248    i.sync_fs           ff.o
    0x080062e0   0x080062e0   0x00000052   Code   RO         5249    i.sync_window       ff.o
    0x08006332   0x08006332   0x00000034   Code   RO         5250    i.validate          ff.o
    0x08006366   0x08006366   0x00000008   Data   RO         1440    .constdata          stm32f4xx_hal_dma.o
    0x0800636e   0x0800636e   0x00000010   Data   RO         4860    .constdata          system_stm32f4xx.o
    0x0800637e   0x0800637e   0x00000008   Data   RO         4861    .constdata          system_stm32f4xx.o
    0x08006386   0x08006386   0x00000002   PAD
    0x08006388   0x08006388   0x00000014   Data   RO         5023    .constdata          sd_diskio.o
    0x0800639c   0x0800639c   0x0000009c   Data   RO         5252    .constdata          ff.o
    0x08006438   0x08006438   0x00000073   Data   RO         5638    .constdata          lcd.o
    0x080064ab   0x080064ab   0x00000001   PAD
    0x080064ac   0x080064ac   0x0000076c   Data   RO         5831    .constdata          fonts.o
    0x08006c18   0x08006c18   0x00000020   Data   RO         6524    Region$$Table       anon$$obj.o


    Execution Region RW_IRAM1 (Exec base: 0x20000000, Load base: 0x08006c38, Size: 0x000021c8, Max: 0x0001c000, ABSOLUTE, COMPRESSED[0x00000040])

    Exec Addr    Load Addr    Size         Type   Attr      Idx    E Section Name        Object

    0x20000000   COMPRESSED   0x00000803   Data   RW          414    .data               main.o
    0x20000803   COMPRESSED   0x00000001   PAD
    0x20000804   COMPRESSED   0x0000000c   Data   RW         1873    .data               stm32f4xx_hal.o
    0x20000810   COMPRESSED   0x00000004   Data   RW         4862    .data               system_stm32f4xx.o
    0x20000814   COMPRESSED   0x00000001   Data   RW         5024    .data               sd_diskio.o
    0x20000815   COMPRESSED   0x00000005   Data   RW         5105    .data               fatfs.o
    0x2000081a   COMPRESSED   0x00000002   PAD
    0x2000081c   COMPRESSED   0x00000008   Data   RW         5253    .data               ff.o
    0x20000824   COMPRESSED   0x0000000c   Data   RW         5639    .data               lcd.o
    0x20000830   COMPRESSED   0x00000008   Data   RW         5834    .data               fonts.o
    0x20000838   COMPRESSED   0x00000004   Data   RW         6498    .data               mc_w.l(stdout.o)
    0x2000083c        -       0x000000a4   Zero   RW          354    .bss                sdio_sdcard.o
    0x200008e0        -       0x00000480   Zero   RW          412    .bss                main.o
    0x20000d60        -       0x00000144   Zero   RW          604    .bss                sdio.o
    0x20000ea4        -       0x00000110   Zero   RW          647    .bss                spi.o
    0x20000fb4        -       0x00000048   Zero   RW          694    .bss                tim.o
    0x20000ffc        -       0x00000090   Zero   RW          738    .bss                usart.o
    0x2000108c        -       0x000004e4   Zero   RW          785    .bss                usb_otg.o
    0x20001570        -       0x00000020   Zero   RW         5251    .bss                ff.o
    0x20001590        -       0x0000000c   Zero   RW         5534    .bss                ff_gen_drv.o
    0x2000159c        -       0x0000082c   Zero   RW         5876    .bss                bsp_uart_fifo.o
    0x20001dc8        -       0x00000400   Zero   RW            1    STACK               startup_stm32f407xx.o


    Execution Region RW_IRAM2 (Exec base: 0x2001c000, Load base: 0x08006c78, Size: 0x00000000, Max: 0x00004000, ABSOLUTE)

    **** No section assigned to this execution region ****


==============================================================================

Image component sizes


      Code (inc. data)   RO Data    RW Data    ZI Data      Debug   Object Name

       204         26          0          0          0       7199   bsp_driver_sd.o
       432         10          0          0       2092      14178   bsp_uart_fifo.o
       152         26          0          0          0       3757   diskio.o
        92          4          0          0          0        830   dma.o
        32         10          0          5          0       1524   fatfs.o
        24          4          0          0          0        569   fatfs_platform.o
      4314         82        156          8         32      38024   ff.o
        70          6          0          0         12       1639   ff_gen_drv.o
         0          0       1900          8          0        998   fonts.o
       256         22          0          0          0       1043   gpio.o
       832         74        115         12          0       8713   lcd.o
       848        364          0       2051       1152       8695   main.o
       220         14         20          1          0       4640   sd_diskio.o
       364         34          0          0        324       1911   sdio.o
        84         14          0          0        164       1810   sdio_sdcard.o
       428         54          0          0        272       2559   spi.o
        36          8        392          0       1024        836   startup_stm32f407xx.o
       180         28          0         12          0       9421   stm32f4xx_hal.o
       198         14          0          0          0      33799   stm32f4xx_hal_cortex.o
       788         16          8          0          0       4767   stm32f4xx_hal_dma.o
       484         46          0          0          0       2963   stm32f4xx_hal_gpio.o
        48          6          0          0          0        862   stm32f4xx_hal_msp.o
      1966         16          0          0          0      13314   stm32f4xx_hal_pcd.o
         2          0          0          0          0        985   stm32f4xx_hal_pcd_ex.o
      1336         78          0          0          0       5876   stm32f4xx_hal_rcc.o
      3236         44          0          0          0      16987   stm32f4xx_hal_sd.o
      1600         20          0          0          0       8785   stm32f4xx_hal_spi.o
       946         46          0          0          0      10461   stm32f4xx_hal_tim.o
       148         28          0          0          0       2581   stm32f4xx_hal_tim_ex.o
       368         10          0          0          0       2048   stm32f4xx_hal_uart.o
       104         42          0          0          0       7502   stm32f4xx_it.o
      1648         50          0          0          0      23631   stm32f4xx_ll_sdmmc.o
      1534         94          0          0          0      17081   stm32f4xx_ll_usb.o
        16          4         24          4          0       1135   system_stm32f4xx.o
       164         18          0          0         72       1739   tim.o
       304         38          0          0        144       2451   usart.o
       188         14          0          0       1252       1773   usb_otg.o
       468         24          0          0          0     739142   w25qxx.o

    ----------------------------------------------------------------------
     24162       1388       2650       2104       6540    1006228   Object Totals
         0          0         32          0          0          0   (incl. Generated)
        48          0          3          3          0          0   (incl. Padding)

    ----------------------------------------------------------------------

      Code (inc. data)   RO Data    RW Data    ZI Data      Debug   Library Member Name

        86          0          0          0          0          0   __dczerorl2.o
         0          0          0          0          0          0   entry.o
         0          0          0          0          0          0   entry10a.o
         0          0          0          0          0          0   entry11a.o
         4          0          0          0          0          0   entry12b.o
         8          4          0          0          0          0   entry2.o
         4          0          0          0          0          0   entry5.o
         0          0          0          0          0          0   entry7b.o
         0          0          0          0          0          0   entry8b.o
         8          4          0          0          0          0   entry9a.o
        30          0          0          0          0          0   handlers.o
        36          8          0          0          0         68   init.o
        30          0          0          0          0         68   llshl.o
        32          0          0          0          0         68   llushr.o
        36          0          0          0          0        108   memseta.o
       472         14          0          0          0        184   printf3.o
         0          0          0          4          0          0   stdout.o
        44          0          0          0          0         80   uidiv.o
        98          0          0          0          0         92   uldiv.o

    ----------------------------------------------------------------------
       892         30          0          4          0        668   Library Totals
         4          0          0          0          0          0   (incl. Padding)

    ----------------------------------------------------------------------

      Code (inc. data)   RO Data    RW Data    ZI Data      Debug   Library Name

       888         30          0          4          0        668   mc_w.l

    ----------------------------------------------------------------------
       892         30          0          4          0        668   Library Totals

    ----------------------------------------------------------------------

==============================================================================


      Code (inc. data)   RO Data    RW Data    ZI Data      Debug   

     25054       1418       2650       2108       6540     981720   Grand Totals
     25054       1418       2650         64       6540     981720   ELF Image Totals (compressed)
     25054       1418       2650         64          0          0   ROM Totals

==============================================================================

    Total RO  Size (Code + RO Data)                27704 (  27.05kB)
    Total RW  Size (RW Data + ZI Data)              8648 (   8.45kB)
    Total ROM Size (Code + RO Data + RW Data)      27768 (  27.12kB)

==============================================================================

